<html>
<body>
<pre>
<h1>µVision Build Log</h1>
<h2>Tool Versions:</h2>
IDE-Version: ¦ÌVision V5.21.1.0
Copyright (C) 2016 ARM Ltd and ARM Germany GmbH. All rights reserved.
License Information: A 1280401774@qq.com, A, LIC=58574-F0RRD-GJD6P-M8GF5-2MW3M-RB99V
 
Tool Versions:
Toolchain:       MDK-ARM Plus  Version: 5.21a
Toolchain Path:  D:\Keil_v5\ARM\ARMCC\Bin
C Compiler:      Armcc.exe V5.06 update 3 (build 300)
Assembler:       Armasm.exe V5.06 update 3 (build 300)
Linker/Locator:  ArmLink.exe V5.06 update 3 (build 300)
Library Manager: ArmAr.exe V5.06 update 3 (build 300)
Hex Converter:   FromElf.exe V5.06 update 3 (build 300)
CPU DLL:         SARMCM3.DLL V5.21a
Dialog DLL:      DARMSTM.DLL V1.66.0.1
Target DLL:      CMSIS_AGDI.dll V1.26.5.0
Dialog DLL:      TARMSTM.DLL V1.65.0.0
 
<h2>Project:</h2>
F:\MiHua\HR-19\HR-19 Software\Keil Project\HR-19.uvprojx
Project File Date:  11/09/2019

<h2>Output:</h2>
*** Using Compiler 'V5.06 update 3 (build 300)', folder: 'D:\Keil_v5\ARM\ARMCC\Bin'
Build target 'HR-19'
compiling Dev_LevelProbe.c...
compiling Dev_Valve.c...
compiling main.c...
compiling Dev_Timer.c...
compiling Dev_System.c...
compiling App_SysTask.c...
compiling App_SystemExecute.c...
compiling portserial.c...
compiling stm32f10x_it.c...
linking...
Program Size: Code=37208 RO-data=2228 RW-data=620 ZI-data=22996  
FromELF: creating hex file...
".\Objects\HR-19.axf" - 0 Error(s), 0 Warning(s).

<h2>Software Packages used:</h2>

Package Vendor: ARM
                http://www.keil.com/pack/ARM.CMSIS.4.5.0.pack
                ARM::CMSIS:DSP:1.4.6
                CMSIS (Cortex Microcontroller Software Interface Standard)
   * Component: DSP Version: 1.4.6
   * Component: CORE Version: 4.3.0

<h2>Collection of Component include folders:</h2>
  F:\MiHua\HR-19\HR-19 Software\Keil Project\RTE
  D:\Keil_v5\ARM\PACK\ARM\CMSIS\4.5.0\CMSIS\Include
  D:\Keil_v5\ARM\PACK\Keil\STM32F1xx_DFP\2.3.0\Device\Include

<h2>Collection of Component Files used:</h2>

   * Component: ARM::CMSIS:DSP:1.4.6
      Include file:  CMSIS\Include\arm_math.h
      Library file:  CMSIS\Lib\ARM\arm_cortexM3l_math.lib

   * Component: ARM::CMSIS:CORE:4.3.0
Build Time Elapsed:  00:00:07
</pre>
</body>
</html>
