Component: ARM Compiler 5.06 update 3 (build 300) Tool: armlink [4d35c9]

==============================================================================

Section Cross References

    main.o(i.main) refers to misc.o(i.NVIC_PriorityGroupConfig) for NVIC_PriorityGroupConfig
    main.o(i.main) refers to delay.o(i.delay_init) for delay_init
    main.o(i.main) refers to tasks.o(i.xTaskCreate) for xTaskCreate
    main.o(i.main) refers to tasks.o(i.vTaskStartScheduler) for vTaskStartScheduler
    main.o(i.main) refers to app_systask.o(.data) for SysIinitTask_Handler
    main.o(i.main) refers to app_systask.o(i.Task_SysIinit) for Task_SysIinit
    app_systask.o(i.Task_EventHandle) refers to tasks.o(i.xTaskNotifyWait) for xTaskNotifyWait
    app_systask.o(i.Task_EventHandle) refers to app_systemexecute.o(i.KeyHandle) for KeyHandle
    app_systask.o(i.Task_EventHandle) refers to app_systemexecute.o(i.ExternEventHandle) for ExternEventHandle
    app_systask.o(i.Task_EventHandle) refers to app_systemexecute.o(i.ElectrolysisControl) for ElectrolysisControl
    app_systask.o(i.Task_EventHandle) refers to tasks.o(i.vTaskDelay) for vTaskDelay
    app_systask.o(i.Task_EventHandle) refers to app_systask.o(.data) for init
    app_systask.o(i.Task_IWDG) refers to dev_iwdg.o(i.IWDG_Feed) for IWDG_Feed
    app_systask.o(i.Task_IWDG) refers to tasks.o(i.vTaskDelay) for vTaskDelay
    app_systask.o(i.Task_KeyCheck) refers to app_systemexecute.o(i.EventChenck) for EventChenck
    app_systask.o(i.Task_KeyCheck) refers to tasks.o(i.vTaskDelay) for vTaskDelay
    app_systask.o(i.Task_LED) refers to tasks.o(i.vTaskDelay) for vTaskDelay
    app_systask.o(i.Task_LED) refers to app_systemexecute.o(i.LED_Linght) for LED_Linght
    app_systask.o(i.Task_ModbusHandler) refers to mb.o(i.eMBPoll) for eMBPoll
    app_systask.o(i.Task_ModbusHandler) refers to tasks.o(i.vTaskDelay) for vTaskDelay
    app_systask.o(i.Task_RTC) refers to dev_rtc.o(i.RTC_Init) for RTC_Init
    app_systask.o(i.Task_RTC) refers to tasks.o(i.vTaskDelete) for vTaskDelete
    app_systask.o(i.Task_RTC) refers to dev_rtc.o(i.RTC_Get) for RTC_Get
    app_systask.o(i.Task_RTC) refers to tasks.o(i.vTaskDelay) for vTaskDelay
    app_systask.o(i.Task_RTC) refers to app_systask.o(.data) for RTCTask_Handler
    app_systask.o(i.Task_RTC) refers to dev_system.o(.bss) for sys
    app_systask.o(i.Task_SysExcute) refers to app_systemexecute.o(i.WashingInit) for WashingInit
    app_systask.o(i.Task_SysExcute) refers to app_systemexecute.o(i.SysExcute) for SysExcute
    app_systask.o(i.Task_SysExcute) refers to tasks.o(i.vTaskDelay) for vTaskDelay
    app_systask.o(i.Task_SysExcute) refers to app_systemexecute.o(.data) for runStatus
    app_systask.o(i.Task_SysExcute) refers to app_systask.o(.data) for init
    app_systask.o(i.Task_SysIinit) refers to port.o(i.vPortEnterCritical) for vPortEnterCritical
    app_systask.o(i.Task_SysIinit) refers to dev_system.o(i.Dev_SystemInit) for Dev_SystemInit
    app_systask.o(i.Task_SysIinit) refers to tasks.o(i.xTaskCreate) for xTaskCreate
    app_systask.o(i.Task_SysIinit) refers to timers.o(i.xTimerCreate) for xTimerCreate
    app_systask.o(i.Task_SysIinit) refers to tasks.o(i.xTaskGetTickCount) for xTaskGetTickCount
    app_systask.o(i.Task_SysIinit) refers to timers.o(i.xTimerGenericCommand) for xTimerGenericCommand
    app_systask.o(i.Task_SysIinit) refers to tasks.o(i.vTaskDelete) for vTaskDelete
    app_systask.o(i.Task_SysIinit) refers to port.o(i.vPortExitCritical) for vPortExitCritical
    app_systask.o(i.Task_SysIinit) refers to app_systask.o(.data) for LEDTask_Handler
    app_systask.o(i.Task_SysIinit) refers to app_systask.o(i.Task_LED) for Task_LED
    app_systask.o(i.Task_SysIinit) refers to app_systask.o(i.Task_IWDG) for Task_IWDG
    app_systask.o(i.Task_SysIinit) refers to app_systask.o(i.Task_UART_Communication) for Task_UART_Communication
    app_systask.o(i.Task_SysIinit) refers to app_systask.o(i.Task_KeyCheck) for Task_KeyCheck
    app_systask.o(i.Task_SysIinit) refers to app_systask.o(i.Task_ModbusHandler) for Task_ModbusHandler
    app_systask.o(i.Task_SysIinit) refers to app_systask.o(i.Task_RTC) for Task_RTC
    app_systask.o(i.Task_SysIinit) refers to app_systask.o(i.Task_EventHandle) for Task_EventHandle
    app_systask.o(i.Task_SysIinit) refers to app_systask.o(i.Task_SysExcute) for Task_SysExcute
    app_systask.o(i.Task_SysIinit) refers to app_systemexecute.o(i.GetFlow) for GetFlow
    app_systask.o(i.Task_SysIinit) refers to app_systemexecute.o(i.DataUpdate) for DataUpdate
    app_systask.o(i.Task_SysIinit) refers to app_systemexecute.o(i.ValveController) for ValveController
    app_systask.o(i.Task_SysIinit) refers to app_systemexecute.o(i.TimeLog) for TimeLog
    app_systask.o(i.Task_UART_Communication) refers to app_communicate.o(i.UART_Check) for UART_Check
    app_systask.o(i.Task_UART_Communication) refers to tasks.o(i.vTaskDelay) for vTaskDelay
[...]
    DMA1_Channel5_IRQHandler                 0x080001f7   Thumb Code     0  startup_stm32f10x_hd.o(.text)
    DMA2_Channel1_IRQHandler                 0x080001f7   Thumb Code     0  startup_stm32f10x_hd.o(.text)
    DMA2_Channel2_IRQHandler                 0x080001f7   Thumb Code     0  startup_stm32f10x_hd.o(.text)
    DMA2_Channel3_IRQHandler                 0x080001f7   Thumb Code     0  startup_stm32f10x_hd.o(.text)
    DMA2_Channel4_5_IRQHandler               0x080001f7   Thumb Code     0  startup_stm32f10x_hd.o(.text)
    EXTI15_10_IRQHandler                     0x080001f7   Thumb Code     0  startup_stm32f10x_hd.o(.text)
    EXTI2_IRQHandler                         0x080001f7   Thumb Code     0  startup_stm32f10x_hd.o(.text)
    EXTI3_IRQHandler                         0x080001f7   Thumb Code     0  startup_stm32f10x_hd.o(.text)
    EXTI4_IRQHandler                         0x080001f7   Thumb Code     0  startup_stm32f10x_hd.o(.text)
    FLASH_IRQHandler                         0x080001f7   Thumb Code     0  startup_stm32f10x_hd.o(.text)
    FSMC_IRQHandler                          0x080001f7   Thumb Code     0  startup_stm32f10x_hd.o(.text)
    I2C1_ER_IRQHandler                       0x080001f7   Thumb Code     0  startup_stm32f10x_hd.o(.text)
    I2C1_EV_IRQHandler                       0x080001f7   Thumb Code     0  startup_stm32f10x_hd.o(.text)
    I2C2_ER_IRQHandler                       0x080001f7   Thumb Code     0  startup_stm32f10x_hd.o(.text)
    I2C2_EV_IRQHandler                       0x080001f7   Thumb Code     0  startup_stm32f10x_hd.o(.text)
    PVD_IRQHandler                           0x080001f7   Thumb Code     0  startup_stm32f10x_hd.o(.text)
    RCC_IRQHandler                           0x080001f7   Thumb Code     0  startup_stm32f10x_hd.o(.text)
    RTCAlarm_IRQHandler                      0x080001f7   Thumb Code     0  startup_stm32f10x_hd.o(.text)
    RTC_IRQHandler                           0x080001f7   Thumb Code     0  startup_stm32f10x_hd.o(.text)
    SDIO_IRQHandler                          0x080001f7   Thumb Code     0  startup_stm32f10x_hd.o(.text)
    SPI1_IRQHandler                          0x080001f7   Thumb Code     0  startup_stm32f10x_hd.o(.text)
    SPI2_IRQHandler                          0x080001f7   Thumb Code     0  startup_stm32f10x_hd.o(.text)
    SPI3_IRQHandler                          0x080001f7   Thumb Code     0  startup_stm32f10x_hd.o(.text)
    TAMPER_IRQHandler                        0x080001f7   Thumb Code     0  startup_stm32f10x_hd.o(.text)
    TIM1_BRK_IRQHandler                      0x080001f7   Thumb Code     0  startup_stm32f10x_hd.o(.text)
    TIM1_CC_IRQHandler                       0x080001f7   Thumb Code     0  startup_stm32f10x_hd.o(.text)
    TIM1_TRG_COM_IRQHandler                  0x080001f7   Thumb Code     0  startup_stm32f10x_hd.o(.text)
    TIM1_UP_IRQHandler                       0x080001f7   Thumb Code     0  startup_stm32f10x_hd.o(.text)
    TIM2_IRQHandler                          0x080001f7   Thumb Code     0  startup_stm32f10x_hd.o(.text)
    TIM4_IRQHandler                          0x080001f7   Thumb Code     0  startup_stm32f10x_hd.o(.text)
    TIM5_IRQHandler                          0x080001f7   Thumb Code     0  startup_stm32f10x_hd.o(.text)
    TIM7_IRQHandler                          0x080001f7   Thumb Code     0  startup_stm32f10x_hd.o(.text)
    TIM8_BRK_IRQHandler                      0x080001f7   Thumb Code     0  startup_stm32f10x_hd.o(.text)
    TIM8_CC_IRQHandler                       0x080001f7   Thumb Code     0  startup_stm32f10x_hd.o(.text)
    TIM8_TRG_COM_IRQHandler                  0x080001f7   Thumb Code     0  startup_stm32f10x_hd.o(.text)
    TIM8_UP_IRQHandler                       0x080001f7   Thumb Code     0  startup_stm32f10x_hd.o(.text)
    USBWakeUp_IRQHandler                     0x080001f7   Thumb Code     0  startup_stm32f10x_hd.o(.text)
    USB_HP_CAN1_TX_IRQHandler                0x080001f7   Thumb Code     0  startup_stm32f10x_hd.o(.text)
    USB_LP_CAN1_RX0_IRQHandler               0x080001f7   Thumb Code     0  startup_stm32f10x_hd.o(.text)
    WWDG_IRQHandler                          0x080001f7   Thumb Code     0  startup_stm32f10x_hd.o(.text)
    __aeabi_memcpy                           0x08000201   Thumb Code    36  memcpya.o(.text)
    __aeabi_memcpy4                          0x08000201   Thumb Code     0  memcpya.o(.text)
    __aeabi_memcpy8                          0x08000201   Thumb Code     0  memcpya.o(.text)
    __aeabi_memset                           0x08000225   Thumb Code    14  memseta.o(.text)
    __aeabi_memset4                          0x08000225   Thumb Code     0  memseta.o(.text)
    __aeabi_memset8                          0x08000225   Thumb Code     0  memseta.o(.text)
    __aeabi_memclr                           0x08000233   Thumb Code     4  memseta.o(.text)
    __aeabi_memclr4                          0x08000233   Thumb Code     0  memseta.o(.text)
    __aeabi_memclr8                          0x08000233   Thumb Code     0  memseta.o(.text)
    _memset$wrapper                          0x08000237   Thumb Code    18  memseta.o(.text)
    strcat                                   0x08000249   Thumb Code    24  strcat.o(.text)
    strstr                                   0x08000261   Thumb Code    36  strstr.o(.text)
    strcmp                                   0x08000285   Thumb Code    28  strcmp.o(.text)
    strncat                                  0x080002a1   Thumb Code    40  strncat.o(.text)
    __aeabi_fadd                             0x080002c9   Thumb Code   164  fadd.o(.text)
    __aeabi_fsub                             0x0800036d   Thumb Code     6  fadd.o(.text)
    __aeabi_frsub                            0x08000373   Thumb Code     6  fadd.o(.text)
    __aeabi_fmul                             0x08000379   Thumb Code   100  fmul.o(.text)
    __aeabi_fdiv                             0x080003dd   Thumb Code   124  fdiv.o(.text)
    __aeabi_dadd                             0x08000459   Thumb Code   322  dadd.o(.text)
    __aeabi_dsub                             0x0800059b   Thumb Code     6  dadd.o(.text)
    __aeabi_drsub                            0x080005a1   Thumb Code     6  dadd.o(.text)
    __aeabi_dmul                             0x080005a7   Thumb Code   228  dmul.o(.text)
    __aeabi_ddiv                             0x0800068b   Thumb Code   222  ddiv.o(.text)
    __aeabi_i2f                              0x08000769   Thumb Code    18  fflti.o(.text)
    __aeabi_ui2f                             0x0800077b   Thumb Code    10  ffltui.o(.text)
    __aeabi_f2d                              0x08000785   Thumb Code    38  f2d.o(.text)
    __aeabi_d2f                              0x080007ab   Thumb Code    56  d2f.o(.text)
    __aeabi_cfrcmple                         0x080007e5   Thumb Code    20  cfrcmple.o(.text)
    __aeabi_uidiv                            0x080007f9   Thumb Code     0  uidiv.o(.text)
    __aeabi_uidivmod                         0x080007f9   Thumb Code    44  uidiv.o(.text)
    __aeabi_llsl                             0x08000825   Thumb Code    30  llshl.o(.text)
    _ll_shift_l                              0x08000825   Thumb Code     0  llshl.o(.text)
    __aeabi_lasr                             0x08000843   Thumb Code    36  llsshr.o(.text)
    _ll_sshift_r                             0x08000843   Thumb Code     0  llsshr.o(.text)
    __I$use$fp                               0x08000867   Thumb Code     0  iusefp.o(.text)
    _float_round                             0x08000867   Thumb Code    18  fepilogue.o(.text)
    _float_epilogue                          0x08000879   Thumb Code    92  fepilogue.o(.text)
    _double_round                            0x080008d5   Thumb Code    30  depilogue.o(.text)
    _double_epilogue                         0x080008f3   Thumb Code   156  depilogue.o(.text)
    __scatterload                            0x08000991   Thumb Code    28  init.o(.text)
    __scatterload_rt2                        0x08000991   Thumb Code     0  init.o(.text)
    __aeabi_llsr                             0x080009b5   Thumb Code    32  llushr.o(.text)
    _ll_ushift_r                             0x080009b5   Thumb Code     0  llushr.o(.text)
    __decompress                             0x080009d5   Thumb Code     0  __dczerorl2.o(.text)
    __decompress1                            0x080009d5   Thumb Code    86  __dczerorl2.o(.text)
    AD1_Average                              0x08000a2d   Thumb Code   246  dev_adc.o(i.AD1_Average)
    AD3_Average                              0x08000b29   Thumb Code   282  dev_adc.o(i.AD3_Average)
    ADC1_DMA_Configuration                   0x08000c49   Thumb Code    82  dev_adc.o(i.ADC1_DMA_Configuration)
    ADC1_Init                                0x08000ca9   Thumb Code   152  dev_adc.o(i.ADC1_Init)
    ADC3_DMA_Configuration                   0x08000d45   Thumb Code    82  dev_adc.o(i.ADC3_DMA_Configuration)
    ADC3_Init                                0x08000da5   Thumb Code   232  dev_adc.o(i.ADC3_Init)
    ADC_Cmd                                  0x08000e99   Thumb Code    22  stm32f10x_adc.o(i.ADC_Cmd)
    ADC_DMACmd                               0x08000eaf   Thumb Code    22  stm32f10x_adc.o(i.ADC_DMACmd)
    ADC_DeInit                               0x08000ec5   Thumb Code    78  stm32f10x_adc.o(i.ADC_DeInit)
    ADC_GetCalibrationStatus                 0x08000f21   Thumb Code    20  stm32f10x_adc.o(i.ADC_GetCalibrationStatus)
    ADC_GetResetCalibrationStatus            0x08000f35   Thumb Code    20  stm32f10x_adc.o(i.ADC_GetResetCalibrationStatus)
    ADC_Init                                 0x08000f49   Thumb Code    70  stm32f10x_adc.o(i.ADC_Init)
    ADC_RegularChannelConfig                 0x08000f99   Thumb Code   184  stm32f10x_adc.o(i.ADC_RegularChannelConfig)
    ADC_ResetCalibration                     0x08001051   Thumb Code    10  stm32f10x_adc.o(i.ADC_ResetCalibration)
    ADC_SoftwareStartConvCmd                 0x0800105b   Thumb Code    22  stm32f10x_adc.o(i.ADC_SoftwareStartConvCmd)
    ADC_StartCalibration                     0x08001071   Thumb Code    10  stm32f10x_adc.o(i.ADC_StartCalibration)
    ADC_TempSensorVrefintCmd                 0x0800107d   Thumb Code    30  stm32f10x_adc.o(i.ADC_TempSensorVrefintCmd)
    ArgumentInit                             0x080010a1   Thumb Code   148  app_systemexecute.o(i.ArgumentInit)
    BKP_DeInit                               0x0800114d   Thumb Code    16  stm32f10x_bkp.o(i.BKP_DeInit)
    BKP_ReadBackupRegister                   0x0800115d   Thumb Code    24  stm32f10x_bkp.o(i.BKP_ReadBackupRegister)
    BKP_WriteBackupRegister                  0x08001179   Thumb Code    22  stm32f10x_bkp.o(i.BKP_WriteBackupRegister)
    BusFault_Handler                         0x08001195   Thumb Code     4  stm32f10x_it.o(i.BusFault_Handler)
    CreatTimer                               0x08001199   Thumb Code    74  dev_timer.o(i.CreatTimer)
    DMA1_Channel6_IRQHandler                 0x080011e9   Thumb Code    84  dev_m24cxx.o(i.DMA1_Channel6_IRQHandler)
    DMA1_Channel7_IRQHandler                 0x08001251   Thumb Code    46  dev_m24cxx.o(i.DMA1_Channel7_IRQHandler)
    DMA_ClearFlag                            0x0800128d   Thumb Code    18  stm32f10x_dma.o(i.DMA_ClearFlag)
    DMA_Cmd                                  0x080012a9   Thumb Code    24  stm32f10x_dma.o(i.DMA_Cmd)
    DMA_DeInit                               0x080012c1   Thumb Code   324  stm32f10x_dma.o(i.DMA_DeInit)
    DMA_GetFlagStatus                        0x0800140d   Thumb Code    36  stm32f10x_dma.o(i.DMA_GetFlagStatus)
    DMA_Init                                 0x08001439   Thumb Code    60  stm32f10x_dma.o(i.DMA_Init)
    DRV8825Init                              0x08001475   Thumb Code    46  dev_pump.o(i.DRV8825Init)
    DataUpdate                               0x080014a9   Thumb Code   350  app_systemexecute.o(i.DataUpdate)
    DebugMon_Handler                         0x08001651   Thumb Code     2  stm32f10x_it.o(i.DebugMon_Handler)
    DeleteTimer                              0x08001655   Thumb Code    56  dev_timer.o(i.DeleteTimer)
    Dev_SystemInit                           0x08001691   Thumb Code   134  dev_system.o(i.Dev_SystemInit)
    E2ReadBuff                               0x0800171d   Thumb Code   194  dev_m24cxx.o(i.E2ReadBuff)
    E2WriteBuff                              0x080017df   Thumb Code   110  dev_m24cxx.o(i.E2WriteBuff)
    EXTI0_IRQHandler                         0x0800184d   Thumb Code    20  stm32f10x_it.o(i.EXTI0_IRQHandler)
    EXTI1_IRQHandler                         0x08001865   Thumb Code    20  stm32f10x_it.o(i.EXTI1_IRQHandler)
    EXTI9_5_IRQHandler                       0x0800187d   Thumb Code   130  stm32f10x_it.o(i.EXTI9_5_IRQHandler)
    EXTI_ClearITPendingBit                   0x08001911   Thumb Code     6  stm32f10x_exti.o(i.EXTI_ClearITPendingBit)
    EXTI_Init                                0x0800191d   Thumb Code   142  stm32f10x_exti.o(i.EXTI_Init)
    ElectriGateInit                          0x080019b1   Thumb Code    60  dev_electrigate.o(i.ElectriGateInit)
    ElectrolysisControl                      0x080019f5   Thumb Code   126  app_systemexecute.o(i.ElectrolysisControl)
    EventChenck                              0x08001a89   Thumb Code    46  app_systemexecute.o(i.EventChenck)
    ExternEventHandle                        0x08001abd   Thumb Code  1262  app_systemexecute.o(i.ExternEventHandle)
    FlowSensorInit                           0x08001fc1   Thumb Code   260  dev_flowsensor.o(i.FlowSensorInit)
    GPIO_EXTILineConfig                      0x080020cd   Thumb Code    60  stm32f10x_gpio.o(i.GPIO_EXTILineConfig)
    GPIO_Init                                0x0800210d   Thumb Code   278  stm32f10x_gpio.o(i.GPIO_Init)
    GPIO_PinRemapConfig                      0x08002225   Thumb Code   138  stm32f10x_gpio.o(i.GPIO_PinRemapConfig)
    GPIO_ReadInputDataBit                    0x080022b5   Thumb Code    18  stm32f10x_gpio.o(i.GPIO_ReadInputDataBit)
    GPIO_ResetBits                           0x080022c7   Thumb Code     4  stm32f10x_gpio.o(i.GPIO_ResetBits)
    GPIO_SetBits                             0x080022cb   Thumb Code     4  stm32f10x_gpio.o(i.GPIO_SetBits)
    GateLimitSwitch                          0x080022d1   Thumb Code   134  app_systemexecute.o(i.GateLimitSwitch)
    GetFlow                                  0x08002361   Thumb Code   212  app_systemexecute.o(i.GetFlow)
    GetTimerStatus                           0x08002461   Thumb Code     6  dev_timer.o(i.GetTimerStatus)
    GetVersion                               0x08002469   Thumb Code   134  dev_system.o(i.GetVersion)
    HardFault_Handler                        0x08002525   Thumb Code     4  stm32f10x_it.o(i.HardFault_Handler)
    I2CMasterAck                             0x08002529   Thumb Code    98  dev_iic.o(i.I2CMasterAck)
    I2CReadByte                              0x080025a1   Thumb Code   158  dev_iic.o(i.I2CReadByte)
    I2CSlaveAck                              0x08002655   Thumb Code   136  dev_iic.o(i.I2CSlaveAck)
    I2CStart                                 0x080026ed   Thumb Code   110  dev_iic.o(i.I2CStart)
    I2CStop                                  0x08002771   Thumb Code   100  dev_iic.o(i.I2CStop)
    I2CWriteByte                             0x080027e9   Thumb Code   128  dev_iic.o(i.I2CWriteByte)
    I2C_GenerateSTOP                         0x0800287d   Thumb Code    24  stm32f10x_i2c.o(i.I2C_GenerateSTOP)
    I2C_GetFlagStatus                        0x08002895   Thumb Code    58  stm32f10x_i2c.o(i.I2C_GetFlagStatus)
    IWDG_Enable                              0x08002905   Thumb Code    10  stm32f10x_iwdg.o(i.IWDG_Enable)
    IWDG_Feed                                0x08002915   Thumb Code     8  dev_iwdg.o(i.IWDG_Feed)
    IWDG_Init                                0x0800291d   Thumb Code    36  dev_iwdg.o(i.IWDG_Init)
    IWDG_ReloadCounter                       0x08002941   Thumb Code    10  stm32f10x_iwdg.o(i.IWDG_ReloadCounter)
    IWDG_SetPrescaler                        0x08002951   Thumb Code     6  stm32f10x_iwdg.o(i.IWDG_SetPrescaler)
    IWDG_SetReload                           0x0800295d   Thumb Code     6  stm32f10x_iwdg.o(i.IWDG_SetReload)
    IWDG_WriteAccessCmd                      0x08002969   Thumb Code     6  stm32f10x_iwdg.o(i.IWDG_WriteAccessCmd)
    InfraredChek                             0x08002975   Thumb Code    26  app_systemexecute.o(i.InfraredChek)
    InfraredSensorInit                       0x08002995   Thumb Code    38  dev_key.o(i.InfraredSensorInit)
    Is_Leap_Year                             0x080029c1   Thumb Code    58  dev_rtc.o(i.Is_Leap_Year)
    KeyCheck                                 0x080029fd   Thumb Code    84  app_systemexecute.o(i.KeyCheck)
    KeyHandle                                0x08002a59   Thumb Code   756  app_systemexecute.o(i.KeyHandle)
    KeyInit                                  0x08002d81   Thumb Code    56  dev_key.o(i.KeyInit)
    LED_Init                                 0x08002dc1   Thumb Code    78  dev_led.o(i.LED_Init)
    LED_Linght                               0x08002e19   Thumb Code   106  app_systemexecute.o(i.LED_Linght)
    LevelProbeCheck                          0x08002e91   Thumb Code   646  app_systemexecute.o(i.LevelProbeCheck)
    LevelProbeInit                           0x08003141   Thumb Code    82  dev_levelprobe.o(i.LevelProbeInit)
    M24CxxInit                               0x080031a5   Thumb Code    46  dev_m24cxx.o(i.M24CxxInit)
    MemManage_Handler                        0x080031d9   Thumb Code     4  stm32f10x_it.o(i.MemManage_Handler)
    NMI_Handler                              0x080031dd   Thumb Code     2  stm32f10x_it.o(i.NMI_Handler)
    NVIC_Init                                0x080031e1   Thumb Code   100  misc.o(i.NVIC_Init)
    NVIC_PriorityGroupConfig                 0x08003251   Thumb Code    10  misc.o(i.NVIC_PriorityGroupConfig)
    PWR_BackupAccessCmd                      0x08003265   Thumb Code     6  stm32f10x_pwr.o(i.PWR_BackupAccessCmd)
    PageWrite                                0x08003271   Thumb Code   172  dev_m24cxx.o(i.PageWrite)
    PauseTimer                               0x0800331d   Thumb Code    12  dev_timer.o(i.PauseTimer)
    PeristalticPumpSetSpeed                  0x08003329   Thumb Code    78  dev_pump.o(i.PeristalticPumpSetSpeed)
    PumpInit                                 0x08003381   Thumb Code    74  dev_pump.o(i.PumpInit)
    RCC_ADCCLKConfig                         0x080033d5   Thumb Code    18  stm32f10x_rcc.o(i.RCC_ADCCLKConfig)
    RCC_AHBPeriphClockCmd                    0x080033ed   Thumb Code    26  stm32f10x_rcc.o(i.RCC_AHBPeriphClockCmd)
    RCC_APB1PeriphClockCmd                   0x0800340d   Thumb Code    26  stm32f10x_rcc.o(i.RCC_APB1PeriphClockCmd)
    RCC_APB1PeriphResetCmd                   0x0800342d   Thumb Code    26  stm32f10x_rcc.o(i.RCC_APB1PeriphResetCmd)
    RCC_APB2PeriphClockCmd                   0x0800344d   Thumb Code    26  stm32f10x_rcc.o(i.RCC_APB2PeriphClockCmd)
    RCC_APB2PeriphResetCmd                   0x0800346d   Thumb Code    26  stm32f10x_rcc.o(i.RCC_APB2PeriphResetCmd)
    RCC_BackupResetCmd                       0x0800348d   Thumb Code     6  stm32f10x_rcc.o(i.RCC_BackupResetCmd)
    RCC_GetClocksFreq                        0x08003499   Thumb Code   192  stm32f10x_rcc.o(i.RCC_GetClocksFreq)
    RCC_GetFlagStatus                        0x0800356d   Thumb Code    56  stm32f10x_rcc.o(i.RCC_GetFlagStatus)
    RCC_LSEConfig                            0x080035a9   Thumb Code    46  stm32f10x_rcc.o(i.RCC_LSEConfig)
    RCC_RTCCLKCmd                            0x080035dd   Thumb Code     6  stm32f10x_rcc.o(i.RCC_RTCCLKCmd)
    RCC_RTCCLKConfig                         0x080035e9   Thumb Code    12  stm32f10x_rcc.o(i.RCC_RTCCLKConfig)
    RTC_EnterConfigMode                      0x08003631   Thumb Code    14  stm32f10x_rtc.o(i.RTC_EnterConfigMode)
    RTC_ExitConfigMode                       0x08003645   Thumb Code    16  stm32f10x_rtc.o(i.RTC_ExitConfigMode)
    RTC_Get                                  0x08003659   Thumb Code   230  dev_rtc.o(i.RTC_Get)
    RTC_GetCounter                           0x0800374d   Thumb Code    16  stm32f10x_rtc.o(i.RTC_GetCounter)
    RTC_Get_Week                             0x08003761   Thumb Code   116  dev_rtc.o(i.RTC_Get_Week)
    RTC_ITConfig                             0x080037d9   Thumb Code    26  stm32f10x_rtc.o(i.RTC_ITConfig)
    RTC_Init                                 0x080037f9   Thumb Code   178  dev_rtc.o(i.RTC_Init)
    RTC_Set                                  0x080038ad   Thumb Code   184  dev_rtc.o(i.RTC_Set)
    RTC_SetCounter                           0x08003975   Thumb Code    24  stm32f10x_rtc.o(i.RTC_SetCounter)
    RTC_SetPrescaler                         0x08003991   Thumb Code    26  stm32f10x_rtc.o(i.RTC_SetPrescaler)
    RTC_WaitForLastTask                      0x080039b1   Thumb Code    16  stm32f10x_rtc.o(i.RTC_WaitForLastTask)
    RTC_WaitForSynchro                       0x080039c5   Thumb Code    30  stm32f10x_rtc.o(i.RTC_WaitForSynchro)
    RadiotubeInit                            0x080039e9   Thumb Code    74  dev_valve.o(i.RadiotubeInit)
    ReadPipePressure                         0x08003a3d   Thumb Code    22  app_communicate.o(i.ReadPipePressure)
    ReadTDS                                  0x08003a5d   Thumb Code    22  app_communicate.o(i.ReadTDS)
    ResumeTimer                              0x08003a85   Thumb Code    10  dev_timer.o(i.ResumeTimer)
    SPI_Cmd                                  0x08003a8f   Thumb Code    24  stm32f10x_spi.o(i.SPI_Cmd)
    SPI_I2S_DeInit                           0x08003aa9   Thumb Code    76  stm32f10x_spi.o(i.SPI_I2S_DeInit)
    SPI_Init                                 0x08003b01   Thumb Code    60  stm32f10x_spi.o(i.SPI_Init)
    SaveArguments                            0x08003b3d   Thumb Code    34  app_systemexecute.o(i.SaveArguments)
    SetTimer                                 0x08003c4d   Thumb Code    20  dev_timer.o(i.SetTimer)
    SetTimer_HMS                             0x08003c61   Thumb Code    14  dev_timer.o(i.SetTimer_HMS)
    SysExcute                                0x08003c71   Thumb Code  1404  app_systemexecute.o(i.SysExcute)
    SysTick_CLKSourceConfig                  0x0800420d   Thumb Code    40  misc.o(i.SysTick_CLKSourceConfig)
    SysTick_Handler                          0x08004235   Thumb Code    16  delay.o(i.SysTick_Handler)
    SysTimerInit                             0x08004245   Thumb Code    44  dev_timer.o(i.SysTimerInit)
    SystemInit                               0x08004275   Thumb Code    78  system_stm32f10x.o(i.SystemInit)
    TIM3_IRQHandler                          0x080042d5   Thumb Code    58  stm32f10x_it.o(i.TIM3_IRQHandler)
    TIM3_Init                                0x08004319   Thumb Code   116  dev_timer.o(i.TIM3_Init)
    TIM6_IRQHandler                          0x08004391   Thumb Code    26  porttimer.o(i.TIM6_IRQHandler)
    TIM8_PWM_Init                            0x080043b1   Thumb Code   164  dev_timer.o(i.TIM8_PWM_Init)
    TIM_ARRPreloadConfig                     0x0800445d   Thumb Code    24  stm32f10x_tim.o(i.TIM_ARRPreloadConfig)
    TIM_ClearITPendingBit                    0x08004475   Thumb Code     6  stm32f10x_tim.o(i.TIM_ClearITPendingBit)
    TIM_Cmd                                  0x0800447b   Thumb Code    24  stm32f10x_tim.o(i.TIM_Cmd)
    TIM_CtrlPWMOutputs                       0x08004493   Thumb Code    30  stm32f10x_tim.o(i.TIM_CtrlPWMOutputs)
    TIM_GetITStatus                          0x080044b1   Thumb Code    34  stm32f10x_tim.o(i.TIM_GetITStatus)
    TIM_ITConfig                             0x080044d3   Thumb Code    18  stm32f10x_tim.o(i.TIM_ITConfig)
    TIM_OC1Init                              0x080044e5   Thumb Code   132  stm32f10x_tim.o(i.TIM_OC1Init)
    TIM_OC1PreloadConfig                     0x0800457d   Thumb Code    18  stm32f10x_tim.o(i.TIM_OC1PreloadConfig)
    TIM_SetAutoreload                        0x0800458f   Thumb Code     4  stm32f10x_tim.o(i.TIM_SetAutoreload)
    TIM_SetCompare1                          0x08004593   Thumb Code     4  stm32f10x_tim.o(i.TIM_SetCompare1)
    TIM_SetCounter                           0x08004597   Thumb Code     4  stm32f10x_tim.o(i.TIM_SetCounter)
    TIM_TimeBaseInit                         0x0800459d   Thumb Code   122  stm32f10x_tim.o(i.TIM_TimeBaseInit)
    TLV5618Init                              0x08004641   Thumb Code   166  dev_tlv5618.o(i.TLV5618Init)
    Task_EventHandle                         0x080046f5   Thumb Code    52  app_systask.o(i.Task_EventHandle)
    Task_IWDG                                0x0800472d   Thumb Code    14  app_systask.o(i.Task_IWDG)
    Task_KeyCheck                            0x0800473b   Thumb Code    14  app_systask.o(i.Task_KeyCheck)
    Task_LED                                 0x08004749   Thumb Code    14  app_systask.o(i.Task_LED)
    Task_ModbusHandler                       0x08004757   Thumb Code    14  app_systask.o(i.Task_ModbusHandler)
    Task_RTC                                 0x08004765   Thumb Code    30  app_systask.o(i.Task_RTC)
    Task_SysExcute                           0x0800478d   Thumb Code    32  app_systask.o(i.Task_SysExcute)
    Task_SysIinit                            0x080047b5   Thumb Code   368  app_systask.o(i.Task_SysIinit)
    Task_UART_Communication                  0x08004a39   Thumb Code    28  app_systask.o(i.Task_UART_Communication)
    TimeLog                                  0x08004a55   Thumb Code     2  app_systemexecute.o(i.TimeLog)
    UART4_IRQHandler                         0x08004b35   Thumb Code    66  stm32f10x_it.o(i.UART4_IRQHandler)
    UART5_IRQHandler                         0x08004b85   Thumb Code    68  stm32f10x_it.o(i.UART5_IRQHandler)
    UARTConfig                               0x08004bd1   Thumb Code   270  dev_uart.o(i.UARTConfig)
    UART_Check                               0x08004d0d   Thumb Code   128  app_communicate.o(i.UART_Check)
    UART_Send                                0x08004d91   Thumb Code    90  dev_uart.o(i.UART_Send)
    USART1_IRQHandler                        0x08004df5   Thumb Code    60  portserial.o(i.USART1_IRQHandler)
    USART2_IRQHandler                        0x08004e35   Thumb Code    66  stm32f10x_it.o(i.USART2_IRQHandler)
    USART3_IRQHandler                        0x08004e81   Thumb Code    66  stm32f10x_it.o(i.USART3_IRQHandler)
    USART_ClearITPendingBit                  0x08004ecd   Thumb Code    30  stm32f10x_usart.o(i.USART_ClearITPendingBit)
    USART_Cmd                                0x08004eeb   Thumb Code    24  stm32f10x_usart.o(i.USART_Cmd)
    USART_GetFlagStatus                      0x08004f03   Thumb Code    26  stm32f10x_usart.o(i.USART_GetFlagStatus)
    USART_GetITStatus                        0x08004f1d   Thumb Code    84  stm32f10x_usart.o(i.USART_GetITStatus)
    USART_ITConfig                           0x08004f71   Thumb Code    74  stm32f10x_usart.o(i.USART_ITConfig)
    USART_Init                               0x08004fbd   Thumb Code   210  stm32f10x_usart.o(i.USART_Init)
    USART_ReceiveData                        0x08005095   Thumb Code    10  stm32f10x_usart.o(i.USART_ReceiveData)
    USART_SendData                           0x0800509f   Thumb Code     8  stm32f10x_usart.o(i.USART_SendData)
    UsageFault_Handler                       0x080050a7   Thumb Code     4  stm32f10x_it.o(i.UsageFault_Handler)
    ValveController                          0x080050ab   Thumb Code     2  app_systemexecute.o(i.ValveController)
    WashingInit                              0x080050ad   Thumb Code   616  app_systemexecute.o(i.WashingInit)
    XGZP6867Init                             0x08005341   Thumb Code    76  dev_xgzp6867.o(i.XGZP6867Init)
    XGZP_ReadBuff                            0x080053f7   Thumb Code   122  dev_xgzp6867.o(i.XGZP_ReadBuff)
    XGZP_ReadData                            0x08005471   Thumb Code   182  dev_xgzp6867.o(i.XGZP_ReadData)
    __0printf$3                              0x08005579   Thumb Code    22  printf3.o(i.__0printf$3)
    __1printf$3                              0x08005579   Thumb Code     0  printf3.o(i.__0printf$3)
    __2printf                                0x08005579   Thumb Code     0  printf3.o(i.__0printf$3)
    __scatterload_copy                       0x08005599   Thumb Code    14  handlers.o(i.__scatterload_copy)
    __scatterload_null                       0x080055a7   Thumb Code     2  handlers.o(i.__scatterload_null)
    __scatterload_zeroinit                   0x080055a9   Thumb Code    14  handlers.o(i.__scatterload_zeroinit)
    delay_init                               0x08005771   Thumb Code    74  delay.o(i.delay_init)
    delay_ms                                 0x080057cd   Thumb Code    60  delay.o(i.delay_ms)
    delay_us                                 0x0800580d   Thumb Code    68  delay.o(i.delay_us)
    delay_xms                                0x08005855   Thumb Code    24  delay.o(i.delay_xms)
    eMBASCIIInit                             0x0800586d   Thumb Code    60  mbascii.o(i.eMBASCIIInit)
    eMBASCIIReceive                          0x080058ad   Thumb Code    68  mbascii.o(i.eMBASCIIReceive)
    eMBASCIISend                             0x080058f9   Thumb Code   102  mbascii.o(i.eMBASCIISend)
    eMBASCIIStart                            0x08005975   Thumb Code    22  mbascii.o(i.eMBASCIIStart)
    eMBASCIIStop                             0x08005991   Thumb Code    16  mbascii.o(i.eMBASCIIStop)
    eMBEnable                                0x080059a1   Thumb Code    32  mb.o(i.eMBEnable)
    eMBFuncReadCoils                         0x080059c9   Thumb Code   166  mbfunccoils.o(i.eMBFuncReadCoils)
    eMBFuncReadDiscreteInputs                0x08005a6f   Thumb Code   164  mbfuncdisc.o(i.eMBFuncReadDiscreteInputs)
    eMBFuncReadHoldingRegister               0x08005b13   Thumb Code   132  mbfuncholding.o(i.eMBFuncReadHoldingRegister)
    eMBFuncReadInputRegister                 0x08005b97   Thumb Code   132  mbfuncinput.o(i.eMBFuncReadInputRegister)
    eMBFuncReadWriteMultipleHoldingRegister  0x08005c1b   Thumb Code   212  mbfuncholding.o(i.eMBFuncReadWriteMultipleHoldingRegister)
    eMBFuncReportSlaveID                     0x08005cf1   Thumb Code    30  mbfuncother.o(i.eMBFuncReportSlaveID)
    eMBFuncWriteCoil                         0x08005d19   Thumb Code   108  mbfunccoils.o(i.eMBFuncWriteCoil)
    eMBFuncWriteHoldingRegister              0x08005d85   Thumb Code    62  mbfuncholding.o(i.eMBFuncWriteHoldingRegister)
    eMBFuncWriteMultipleCoils                0x08005dc3   Thumb Code   142  mbfunccoils.o(i.eMBFuncWriteMultipleCoils)
    eMBFuncWriteMultipleHoldingRegister      0x08005e51   Thumb Code   106  mbfuncholding.o(i.eMBFuncWriteMultipleHoldingRegister)
    eMBInit                                  0x08005ebd   Thumb Code   222  mb.o(i.eMBInit)
    eMBPoll                                  0x08006001   Thumb Code   268  mb.o(i.eMBPoll)
    eMBRTUInit                               0x08006139   Thumb Code    76  mbrtu.o(i.eMBRTUInit)
    eMBRTUReceive                            0x08006189   Thumb Code    62  mbrtu.o(i.eMBRTUReceive)
    eMBRTUSend                               0x080061d1   Thumb Code   146  mbrtu.o(i.eMBRTUSend)
    eMBRTUStart                              0x08006279   Thumb Code    22  mbrtu.o(i.eMBRTUStart)
    eMBRTUStop                               0x08006295   Thumb Code    16  mbrtu.o(i.eMBRTUStop)
    eMBRegCoilsCB                            0x080062a5   Thumb Code   146  mb.o(i.eMBRegCoilsCB)
    eMBRegDiscreteCB                         0x0800633d   Thumb Code    90  mb.o(i.eMBRegDiscreteCB)
    eMBRegHoldingCB                          0x0800639d   Thumb Code   446  mb.o(i.eMBRegHoldingCB)
    eMBRegInputCB                            0x08006575   Thumb Code   160  mb.o(i.eMBRegInputCB)
    fputc                                    0x08006621   Thumb Code    24  usart.o(i.fputc)
    main                                     0x0800663d   Thumb Code    42  main.o(i.main)
    prveMBError2Exception                    0x08007229   Thumb Code    34  mbutils.o(i.prveMBError2Exception)
    pvPortMalloc                             0x080072e5   Thumb Code   262  heap_4.o(i.pvPortMalloc)
    pvTaskIncrementMutexHeldCount            0x08007441   Thumb Code    26  tasks.o(i.pvTaskIncrementMutexHeldCount)
    pxPortInitialiseStack                    0x08007461   Thumb Code    30  port.o(i.pxPortInitialiseStack)
    usMBCRC16                                0x08007485   Thumb Code    48  mbcrc.o(i.usMBCRC16)
    uxListRemove                             0x080074bd   Thumb Code    40  list.o(i.uxListRemove)
    vListInitialise                          0x080074e5   Thumb Code    26  list.o(i.vListInitialise)
    vListInitialiseItem                      0x080074ff   Thumb Code     6  list.o(i.vListInitialiseItem)
    vListInsert                              0x08007505   Thumb Code    52  list.o(i.vListInsert)
    vListInsertEnd                           0x08007539   Thumb Code    24  list.o(i.vListInsertEnd)
    vMBPortSerialEnable                      0x08007551   Thumb Code    64  portserial.o(i.vMBPortSerialEnable)
    vMBPortTimersDisable                     0x08007595   Thumb Code    38  porttimer.o(i.vMBPortTimersDisable)
    vMBPortTimersEnable                      0x080075c1   Thumb Code    38  porttimer.o(i.vMBPortTimersEnable)
    vPortEnterCritical                       0x080075ed   Thumb Code    68  port.o(i.vPortEnterCritical)
    vPortExitCritical                        0x08007679   Thumb Code    48  port.o(i.vPortExitCritical)
    vPortFree                                0x080076ed   Thumb Code   120  heap_4.o(i.vPortFree)
    vPortSetupTimerInterrupt                 0x080077ad   Thumb Code    26  port.o(i.vPortSetupTimerInterrupt)
    vPortValidateInterruptPriority           0x080077cd   Thumb Code    86  port.o(i.vPortValidateInterruptPriority)
    vQueueAddToRegistry                      0x08007871   Thumb Code    38  queue.o(i.vQueueAddToRegistry)
    vQueueWaitForMessageRestricted           0x0800789d   Thumb Code    74  queue.o(i.vQueueWaitForMessageRestricted)
    vTaskDelay                               0x080078e9   Thumb Code    72  tasks.o(i.vTaskDelay)
    vTaskDelete                              0x08007965   Thumb Code   192  tasks.o(i.vTaskDelete)
    vTaskMissedYield                         0x08007a79   Thumb Code     8  tasks.o(i.vTaskMissedYield)
    vTaskPlaceOnEventList                    0x08007a85   Thumb Code    42  tasks.o(i.vTaskPlaceOnEventList)
    vTaskPlaceOnEventListRestricted          0x08007ae1   Thumb Code    50  tasks.o(i.vTaskPlaceOnEventListRestricted)
    vTaskPriorityInherit                     0x08007b45   Thumb Code   164  tasks.o(i.vTaskPriorityInherit)
    vTaskSetTimeOutState                     0x08007bf5   Thumb Code    32  tasks.o(i.vTaskSetTimeOutState)
    vTaskStartScheduler                      0x08007c49   Thumb Code   108  tasks.o(i.vTaskStartScheduler)
    vTaskSuspendAll                          0x08007cfd   Thumb Code    12  tasks.o(i.vTaskSuspendAll)
    vTaskSwitchContext                       0x08007d0d   Thumb Code   110  tasks.o(i.vTaskSwitchContext)
    xMBASCIIReceiveFSM                       0x08007dbd   Thumb Code   276  mbascii.o(i.xMBASCIIReceiveFSM)
    xMBASCIITimerT1SExpired                  0x08007ee5   Thumb Code    38  mbascii.o(i.xMBASCIITimerT1SExpired)
    xMBASCIITransmitFSM                      0x08007f11   Thumb Code   220  mbascii.o(i.xMBASCIITransmitFSM)
    xMBPortEventGet                          0x08008001   Thumb Code    26  portevent.o(i.xMBPortEventGet)
    xMBPortEventInit                         0x08008025   Thumb Code    10  portevent.o(i.xMBPortEventInit)
    xMBPortEventPost                         0x08008035   Thumb Code    16  portevent.o(i.xMBPortEventPost)
    xMBPortSerialGetByte                     0x0800804d   Thumb Code    16  portserial.o(i.xMBPortSerialGetByte)
    xMBPortSerialInit                        0x08008061   Thumb Code   156  portserial.o(i.xMBPortSerialInit)
    xMBPortSerialPutByte                     0x08008105   Thumb Code    16  portserial.o(i.xMBPortSerialPutByte)
    xMBPortTimersInit                        0x08008119   Thumb Code   126  porttimer.o(i.xMBPortTimersInit)
    xMBRTUReceiveFSM                         0x080081a1   Thumb Code   122  mbrtu.o(i.xMBRTUReceiveFSM)
    xMBRTUTimerT35Expired                    0x08008229   Thumb Code    60  mbrtu.o(i.xMBRTUTimerT35Expired)
    xMBRTUTransmitFSM                        0x08008269   Thumb Code    94  mbrtu.o(i.xMBRTUTransmitFSM)
    xMBUtilGetBits                           0x080082d5   Thumb Code    42  mbutils.o(i.xMBUtilGetBits)
    xMBUtilSetBits                           0x080082ff   Thumb Code    96  mbutils.o(i.xMBUtilSetBits)
    xPortStartScheduler                      0x08008361   Thumb Code   140  port.o(i.xPortStartScheduler)
    xPortSysTickHandler                      0x08008401   Thumb Code    46  port.o(i.xPortSysTickHandler)
    xQueueGenericCreate                      0x08008435   Thumb Code    78  queue.o(i.xQueueGenericCreate)
    xQueueGenericReceive                     0x080084b1   Thumb Code   416  queue.o(i.xQueueGenericReceive)
    xQueueGenericReset                       0x08008681   Thumb Code   136  queue.o(i.xQueueGenericReset)
    xQueueGenericSend                        0x08008739   Thumb Code   412  queue.o(i.xQueueGenericSend)
    xQueueGenericSendFromISR                 0x08008905   Thumb Code   234  queue.o(i.xQueueGenericSendFromISR)
    xTaskCheckForTimeOut                     0x08008a1d   Thumb Code   116  tasks.o(i.xTaskCheckForTimeOut)
    xTaskCreate                              0x08008ac5   Thumb Code    96  tasks.o(i.xTaskCreate)
    xTaskGenericNotify                       0x08008b25   Thumb Code   222  tasks.o(i.xTaskGenericNotify)
    xTaskGetSchedulerState                   0x08008c41   Thumb Code    24  tasks.o(i.xTaskGetSchedulerState)
    xTaskGetTickCount                        0x08008c61   Thumb Code     6  tasks.o(i.xTaskGetTickCount)
    xTaskIncrementTick                       0x08008c6d   Thumb Code   272  tasks.o(i.xTaskIncrementTick)
    xTaskNotifyWait                          0x08008dd5   Thumb Code   150  tasks.o(i.xTaskNotifyWait)
    xTaskPriorityDisinherit                  0x08008e75   Thumb Code   168  tasks.o(i.xTaskPriorityDisinherit)
    xTaskRemoveFromEventList                 0x08008f55   Thumb Code   118  tasks.o(i.xTaskRemoveFromEventList)
    xTaskResumeAll                           0x08009011   Thumb Code   214  tasks.o(i.xTaskResumeAll)
    xTimerCreate                             0x08009139   Thumb Code    48  timers.o(i.xTimerCreate)
    xTimerCreateTimerTask                    0x08009169   Thumb Code    54  timers.o(i.xTimerCreateTimerTask)
    xTimerGenericCommand                     0x080091e1   Thumb Code   118  timers.o(i.xTimerGenericCommand)
    table_week                               0x08009288   Data          12  dev_rtc.o(.constdata)
    mon_table                                0x08009294   Data          12  dev_rtc.o(.constdata)
    UARTx                                    0x080092a0   Data          20  dev_uart.o(.constdata)
    RCC_Periph_UARTx                         0x080092b4   Data          20  dev_uart.o(.constdata)
    TX_RCC_APB2Periph_GPIOx                  0x080092c8   Data          20  dev_uart.o(.constdata)
    RX_RCC_APB2Periph_GPIOx                  0x080092dc   Data          20  dev_uart.o(.constdata)
    TX_Port                                  0x080092f0   Data          20  dev_uart.o(.constdata)
    RX_Port                                  0x08009304   Data          20  dev_uart.o(.constdata)
    TX_Pin                                   0x08009318   Data          10  dev_uart.o(.constdata)
    RX_Pin                                   0x08009322   Data          10  dev_uart.o(.constdata)
    UARTx_IRQn                               0x0800932c   Data           5  dev_uart.o(.constdata)
    MBRegHoldingNode                         0x08009334   Data         352  dev_system.o(.constdata)
    MBRegInputNode                           0x08009494   Data         608  dev_system.o(.constdata)
    IICx                                     0x08009754   Data           8  dev_iic.o(.constdata)
    RCC_Periph_IICx                          0x0800975c   Data           8  dev_iic.o(.constdata)
    SCL_RCC_APB2Periph_GPIOx                 0x08009764   Data           8  dev_iic.o(.constdata)
    SDA_RCC_APB2Periph_GPIOx                 0x0800976c   Data           8  dev_iic.o(.constdata)
    SCL_Port                                 0x08009774   Data           8  dev_iic.o(.constdata)
    SDA_Port                                 0x0800977c   Data           8  dev_iic.o(.constdata)
    SCL_Pin                                  0x08009784   Data           4  dev_iic.o(.constdata)
    SDA_Pin                                  0x08009788   Data           4  dev_iic.o(.constdata)
    Region$$Table$$Base                      0x080099ec   Number         0  anon$$obj.o(Region$$Table)
    Region$$Table$$Limit                     0x08009a0c   Number         0  anon$$obj.o(Region$$Table)
    SysIinitTask_Handler                     0x20000000   Data           4  app_systask.o(.data)
    LEDTask_Handler                          0x20000004   Data           4  app_systask.o(.data)
    IWDGTask_Handler                         0x20000008   Data           4  app_systask.o(.data)
    UARTTask_Handler                         0x2000000c   Data           4  app_systask.o(.data)
    KEYTask_Handler                          0x20000010   Data           4  app_systask.o(.data)
    MBTask_Handler                           0x20000014   Data           4  app_systask.o(.data)
    RTCTask_Handler                          0x20000018   Data           4  app_systask.o(.data)
    EventHandleTask_Handler                  0x2000001c   Data           4  app_systask.o(.data)
    SysExcuteTask_Handler                    0x20000020   Data           4  app_systask.o(.data)
    FlowTimer_Handle                         0x20000024   Data           4  app_systask.o(.data)
    DataUpdateTimer_Handle                   0x20000028   Data           4  app_systask.o(.data)
    ValveControlTimer_Handle                 0x2000002c   Data           4  app_systask.o(.data)
    TimeLogTimer_Handle                      0x20000030   Data           4  app_systask.o(.data)
    init                                     0x20000034   Data           1  app_systask.o(.data)
    timer1                                   0x20000040   Data           4  app_systemexecute.o(.data)
    timer2                                   0x20000044   Data           4  app_systemexecute.o(.data)
    runStatus                                0x20000048   Data           1  app_systemexecute.o(.data)
    TimerHeadNode                            0x20000068   Data           4  dev_timer.o(.data)
    IIC_Delay                                0x2000006c   Data           8  dev_iic.o(.data)
    sEEAddress                               0x20000074   Data           2  dev_m24cxx.o(.data)
    sEETimeout                               0x20000078   Data           4  dev_m24cxx.o(.data)
    sEEDataReadPointer                       0x2000007c   Data           4  dev_m24cxx.o(.data)
    sEEDataWritePointer                      0x20000080   Data           4  dev_m24cxx.o(.data)
    sEEDataNum                               0x20000084   Data           1  dev_m24cxx.o(.data)
    flowCount1                               0x200000a0   Data           4  stm32f10x_it.o(.data)
    flowCount2                               0x200000a4   Data           4  stm32f10x_it.o(.data)
    flowCount3                               0x200000a8   Data           4  stm32f10x_it.o(.data)
    flowCount4                               0x200000ac   Data           4  stm32f10x_it.o(.data)
    flowCount5                               0x200000b0   Data           4  stm32f10x_it.o(.data)
    SystemCoreClock                          0x200000b4   Data           4  system_stm32f10x.o(.data)
    AHBPrescTable                            0x200000b8   Data          16  system_stm32f10x.o(.data)
    __stdout                                 0x200000c8   Data           4  usart.o(.data)
    USART_RX_STA                             0x200000cc   Data           2  usart.o(.data)
    pxCurrentTCB                             0x200000d0   Data           4  tasks.o(.data)
    pxMBFrameCBByteReceived                  0x2000015c   Data           4  mb.o(.data)
    pxMBFrameCBTransmitterEmpty              0x20000160   Data           4  mb.o(.data)
    pxMBPortCBTimerExpired                   0x20000164   Data           4  mb.o(.data)
    pxMBFrameCBReceiveFSMCur                 0x20000168   Data           4  mb.o(.data)
    pxMBFrameCBTransmitFSMCur                0x2000016c   Data           4  mb.o(.data)
    usRegInputBuf                            0x200001f0   Data          28  mb.o(.data)
    usRegInputStart                          0x2000020c   Data           2  mb.o(.data)
    usRegHoldingBuf                          0x2000020e   Data          28  mb.o(.data)
    usRegHoldingStart                        0x2000022a   Data           2  mb.o(.data)
    ucRegCoilsBuf                            0x2000022c   Data           2  mb.o(.data)
    ucRegDiscreteBuf                         0x2000022e   Data           2  mb.o(.data)
    t                                        0x20000230   Data           5  mb.o(.data)
    size                                     0x20000235   Data           5  mb.o(.data)
    ADC1_Buff                                0x2000026c   Data          60  dev_adc.o(.bss)
    ADC3_Buff                                0x200002a8   Data         180  dev_adc.o(.bss)
    sys                                      0x2000035c   Data         436  dev_system.o(.bss)
    xQueueRegistry                           0x20000510   Data          64  queue.o(.bss)
    ucRTUBuf                                 0x2000571c   Data         256  mbrtu.o(.bss)
    __initial_sp                             0x20005c40   Data           0  startup_stm32f10x_hd.o(STACK)



==============================================================================

Memory Map of the image

  Image Entry point : 0x08000131

  Load Region LR_IROM1 (Base: 0x08000000, Size: 0x00009c78, Max: 0x00080000, ABSOLUTE, COMPRESSED[0x00009ab4])

    Execution Region ER_IROM1 (Base: 0x08000000, Size: 0x00009a0c, Max: 0x00080000, ABSOLUTE)

    Base Addr    Size         Type   Attr      Idx    E Section Name        Object

    0x08000000   0x00000130   Data   RO         1392    RESET               startup_stm32f10x_hd.o
    0x08000130   0x00000000   Code   RO         6714  * .ARM.Collect$$$$00000000  mc_w.l(entry.o)
    0x08000130   0x00000004   Code   RO         7024    .ARM.Collect$$$$00000001  mc_w.l(entry2.o)
    0x08000134   0x00000004   Code   RO         7027    .ARM.Collect$$$$00000004  mc_w.l(entry5.o)
    0x08000138   0x00000000   Code   RO         7029    .ARM.Collect$$$$00000008  mc_w.l(entry7b.o)
    0x08000138   0x00000000   Code   RO         7031    .ARM.Collect$$$$0000000A  mc_w.l(entry8b.o)
    0x08000138   0x00000008   Code   RO         7032    .ARM.Collect$$$$0000000B  mc_w.l(entry9a.o)
    0x08000140   0x00000000   Code   RO         7034    .ARM.Collect$$$$0000000D  mc_w.l(entry10a.o)
    0x08000140   0x00000000   Code   RO         7036    .ARM.Collect$$$$0000000F  mc_w.l(entry11a.o)
    0x08000140   0x00000004   Code   RO         7025    .ARM.Collect$$$$00002712  mc_w.l(entry2.o)
    0x08000144   0x00000096   Code   RO         5931    .emb_text           port.o
    0x080001da   0x00000002   PAD
    0x080001dc   0x00000024   Code   RO         1393    .text               startup_stm32f10x_hd.o
    0x08000200   0x00000024   Code   RO         6717    .text               mc_w.l(memcpya.o)
    0x08000224   0x00000024   Code   RO         6719    .text               mc_w.l(memseta.o)
    0x08000248   0x00000018   Code   RO         6721    .text               mc_w.l(strcat.o)
    0x08000260   0x00000024   Code   RO         6723    .text               mc_w.l(strstr.o)
    0x08000284   0x0000001c   Code   RO         6727    .text               mc_w.l(strcmp.o)
    0x080002a0   0x00000028   Code   RO         6729    .text               mc_w.l(strncat.o)
    0x080002c8   0x000000b0   Code   RO         6996    .text               mf_w.l(fadd.o)
    0x08000378   0x00000064   Code   RO         6998    .text               mf_w.l(fmul.o)
    0x080003dc   0x0000007c   Code   RO         7000    .text               mf_w.l(fdiv.o)
    0x08000458   0x0000014e   Code   RO         7004    .text               mf_w.l(dadd.o)
    0x080005a6   0x000000e4   Code   RO         7006    .text               mf_w.l(dmul.o)
    0x0800068a   0x000000de   Code   RO         7008    .text               mf_w.l(ddiv.o)
    0x08000768   0x00000012   Code   RO         7010    .text               mf_w.l(fflti.o)
    0x0800077a   0x0000000a   Code   RO         7012    .text               mf_w.l(ffltui.o)
    0x08000784   0x00000026   Code   RO         7016    .text               mf_w.l(f2d.o)
    0x080007aa   0x00000038   Code   RO         7018    .text               mf_w.l(d2f.o)
    0x080007e2   0x00000002   PAD
    0x080007e4   0x00000014   Code   RO         7022    .text               mf_w.l(cfrcmple.o)
    0x080007f8   0x0000002c   Code   RO         7038    .text               mc_w.l(uidiv.o)
    0x08000824   0x0000001e   Code   RO         7042    .text               mc_w.l(llshl.o)
    0x08000842   0x00000024   Code   RO         7044    .text               mc_w.l(llsshr.o)
    0x08000866   0x00000000   Code   RO         7046    .text               mc_w.l(iusefp.o)
    0x08000866   0x0000006e   Code   RO         7047    .text               mf_w.l(fepilogue.o)
    0x080008d4   0x000000ba   Code   RO         7049    .text               mf_w.l(depilogue.o)
    0x0800098e   0x00000002   PAD
    0x08000990   0x00000024   Code   RO         7055    .text               mc_w.l(init.o)
    0x080009b4   0x00000020   Code   RO         7057    .text               mc_w.l(llushr.o)
    0x080009d4   0x00000056   Code   RO         7067    .text               mc_w.l(__dczerorl2.o)
    0x08000a2a   0x00000002   PAD
    0x08000a2c   0x000000fc   Code   RO          577    i.AD1_Average       dev_adc.o
    0x08000b28   0x00000120   Code   RO          578    i.AD3_Average       dev_adc.o
    0x08000c48   0x00000060   Code   RO          579    i.ADC1_DMA_Configuration  dev_adc.o
    0x08000ca8   0x0000009c   Code   RO          580    i.ADC1_Init         dev_adc.o
    0x08000d44   0x00000060   Code   RO          581    i.ADC3_DMA_Configuration  dev_adc.o
    0x08000da4   0x000000f4   Code   RO          582    i.ADC3_Init         dev_adc.o
    0x08000e98   0x00000016   Code   RO         1454    i.ADC_Cmd           stm32f10x_adc.o
    0x08000eae   0x00000016   Code   RO         1455    i.ADC_DMACmd        stm32f10x_adc.o
    0x08000ec4   0x0000005c   Code   RO         1456    i.ADC_DeInit        stm32f10x_adc.o
    0x08000f20   0x00000014   Code   RO         1462    i.ADC_GetCalibrationStatus  stm32f10x_adc.o
    0x08000f34   0x00000014   Code   RO         1468    i.ADC_GetResetCalibrationStatus  stm32f10x_adc.o
    0x08000f48   0x00000050   Code   RO         1472    i.ADC_Init          stm32f10x_adc.o
    0x08000f98   0x000000b8   Code   RO         1476    i.ADC_RegularChannelConfig  stm32f10x_adc.o
    0x08001050   0x0000000a   Code   RO         1477    i.ADC_ResetCalibration  stm32f10x_adc.o
    0x0800105a   0x00000016   Code   RO         1479    i.ADC_SoftwareStartConvCmd  stm32f10x_adc.o
    0x08001070   0x0000000a   Code   RO         1481    i.ADC_StartCalibration  stm32f10x_adc.o
    0x0800107a   0x00000002   PAD
    0x0800107c   0x00000024   Code   RO         1483    i.ADC_TempSensorVrefintCmd  stm32f10x_adc.o
    0x080010a0   0x000000ac   Code   RO          334    i.ArgumentInit      app_systemexecute.o
    0x0800114c   0x00000010   Code   RO         1684    i.BKP_DeInit        stm32f10x_bkp.o
    0x0800115c   0x0000001c   Code   RO         1689    i.BKP_ReadBackupRegister  stm32f10x_bkp.o
    0x08001178   0x0000001c   Code   RO         1693    i.BKP_WriteBackupRegister  stm32f10x_bkp.o
    0x08001194   0x00000004   Code   RO         4693    i.BusFault_Handler  stm32f10x_it.o
    0x08001198   0x00000050   Code   RO          788    i.CreatTimer        dev_timer.o
    0x080011e8   0x00000068   Code   RO         1205    i.DMA1_Channel6_IRQHandler  dev_m24cxx.o
    0x08001250   0x0000003c   Code   RO         1206    i.DMA1_Channel7_IRQHandler  dev_m24cxx.o
    0x0800128c   0x0000001c   Code   RO         2221    i.DMA_ClearFlag     stm32f10x_dma.o
    0x080012a8   0x00000018   Code   RO         2223    i.DMA_Cmd           stm32f10x_dma.o
    0x080012c0   0x0000014c   Code   RO         2224    i.DMA_DeInit        stm32f10x_dma.o
    0x0800140c   0x0000002c   Code   RO         2226    i.DMA_GetFlagStatus  stm32f10x_dma.o
    0x08001438   0x0000003c   Code   RO         2229    i.DMA_Init          stm32f10x_dma.o
    0x08001474   0x00000034   Code   RO         1091    i.DRV8825Init       dev_pump.o
    0x080014a8   0x000001a8   Code   RO          337    i.DataUpdate        app_systemexecute.o
    0x08001650   0x00000002   Code   RO         4694    i.DebugMon_Handler  stm32f10x_it.o
    0x08001652   0x00000002   PAD
    0x08001654   0x0000003c   Code   RO          789    i.DeleteTimer       dev_timer.o
    0x08001690   0x0000008c   Code   RO          951    i.Dev_SystemInit    dev_system.o
    0x0800171c   0x000000c2   Code   RO         1207    i.E2ReadBuff        dev_m24cxx.o
    0x080017de   0x0000006e   Code   RO         1208    i.E2WriteBuff       dev_m24cxx.o
    0x0800184c   0x00000018   Code   RO         4695    i.EXTI0_IRQHandler  stm32f10x_it.o
    0x08001864   0x00000018   Code   RO         4696    i.EXTI1_IRQHandler  stm32f10x_it.o
    0x0800187c   0x00000094   Code   RO         4697    i.EXTI9_5_IRQHandler  stm32f10x_it.o
    0x08001910   0x0000000c   Code   RO         2306    i.EXTI_ClearITPendingBit  stm32f10x_exti.o
    0x0800191c   0x00000094   Code   RO         2311    i.EXTI_Init         stm32f10x_exti.o
    0x080019b0   0x00000044   Code   RO         1067    i.ElectriGateInit   dev_electrigate.o
    0x080019f4   0x00000094   Code   RO          338    i.ElectrolysisControl  app_systemexecute.o
    0x08001a88   0x00000034   Code   RO          339    i.EventChenck       app_systemexecute.o
    0x08001abc   0x00000504   Code   RO          340    i.ExternEventHandle  app_systemexecute.o
    0x08001fc0   0x0000010c   Code   RO         1043    i.FlowSensorInit    dev_flowsensor.o
    0x080020cc   0x00000040   Code   RO         2692    i.GPIO_EXTILineConfig  stm32f10x_gpio.o
    0x0800210c   0x00000116   Code   RO         2695    i.GPIO_Init         stm32f10x_gpio.o
    0x08002222   0x00000002   PAD
    0x08002224   0x00000090   Code   RO         2697    i.GPIO_PinRemapConfig  stm32f10x_gpio.o
    0x080022b4   0x00000012   Code   RO         2699    i.GPIO_ReadInputDataBit  stm32f10x_gpio.o
    0x080022c6   0x00000004   Code   RO         2702    i.GPIO_ResetBits    stm32f10x_gpio.o
    0x080022ca   0x00000004   Code   RO         2703    i.GPIO_SetBits      stm32f10x_gpio.o
    0x080022ce   0x00000002   PAD
    0x080022d0   0x00000090   Code   RO          341    i.GateLimitSwitch   app_systemexecute.o
    0x08002360   0x00000100   Code   RO          342    i.GetFlow           app_systemexecute.o
    0x08002460   0x00000006   Code   RO          790    i.GetTimerStatus    dev_timer.o
    0x08002466   0x00000002   PAD
    0x08002468   0x000000bc   Code   RO          952    i.GetVersion        dev_system.o
    0x08002524   0x00000004   Code   RO         4698    i.HardFault_Handler  stm32f10x_it.o
    0x08002528   0x00000078   Code   RO         1127    i.I2CMasterAck      dev_iic.o
    0x080025a0   0x000000b4   Code   RO         1128    i.I2CReadByte       dev_iic.o
    0x08002654   0x00000098   Code   RO         1129    i.I2CSlaveAck       dev_iic.o
    0x080026ec   0x00000084   Code   RO         1130    i.I2CStart          dev_iic.o
    0x08002770   0x00000078   Code   RO         1131    i.I2CStop           dev_iic.o
    0x080027e8   0x00000094   Code   RO         1132    i.I2CWriteByte      dev_iic.o
    0x0800287c   0x00000018   Code   RO         2829    i.I2C_GenerateSTOP  stm32f10x_i2c.o
    0x08002894   0x0000003a   Code   RO         2830    i.I2C_GetFlagStatus  stm32f10x_i2c.o
    0x080028ce   0x0000001a   Code   RO         1133    i.IIC_Delay1        dev_iic.o
    0x080028e8   0x0000001a   Code   RO         1134    i.IIC_Delay2        dev_iic.o
    0x08002902   0x00000002   PAD
    0x08002904   0x00000010   Code   RO         3031    i.IWDG_Enable       stm32f10x_iwdg.o
    0x08002914   0x00000008   Code   RO          637    i.IWDG_Feed         dev_iwdg.o
    0x0800291c   0x00000024   Code   RO          638    i.IWDG_Init         dev_iwdg.o
    0x08002940   0x00000010   Code   RO         3033    i.IWDG_ReloadCounter  stm32f10x_iwdg.o
    0x08002950   0x0000000c   Code   RO         3034    i.IWDG_SetPrescaler  stm32f10x_iwdg.o
    0x0800295c   0x0000000c   Code   RO         3035    i.IWDG_SetReload    stm32f10x_iwdg.o
    0x08002968   0x0000000c   Code   RO         3036    i.IWDG_WriteAccessCmd  stm32f10x_iwdg.o
    0x08002974   0x00000020   Code   RO          343    i.InfraredChek      app_systemexecute.o
    0x08002994   0x0000002c   Code   RO          667    i.InfraredSensorInit  dev_key.o
    0x080029c0   0x0000003a   Code   RO          721    i.Is_Leap_Year      dev_rtc.o
    0x080029fa   0x00000002   PAD
    0x080029fc   0x0000005c   Code   RO          344    i.KeyCheck          app_systemexecute.o
    0x08002a58   0x00000328   Code   RO          345    i.KeyHandle         app_systemexecute.o
    0x08002d80   0x00000040   Code   RO          668    i.KeyInit           dev_key.o
    0x08002dc0   0x00000058   Code   RO          697    i.LED_Init          dev_led.o
    0x08002e18   0x00000078   Code   RO          346    i.LED_Linght        app_systemexecute.o
    0x08002e90   0x000002b0   Code   RO          347    i.LevelProbeCheck   app_systemexecute.o
    0x08003140   0x00000064   Code   RO         1369    i.LevelProbeInit    dev_levelprobe.o
    0x080031a4   0x00000034   Code   RO         1209    i.M24CxxInit        dev_m24cxx.o
    0x080031d8   0x00000004   Code   RO         4699    i.MemManage_Handler  stm32f10x_it.o
    0x080031dc   0x00000002   Code   RO         4700    i.NMI_Handler       stm32f10x_it.o
    0x080031de   0x00000002   PAD
    0x080031e0   0x00000070   Code   RO         1400    i.NVIC_Init         misc.o
    0x08003250   0x00000014   Code   RO         1401    i.NVIC_PriorityGroupConfig  misc.o
    0x08003264   0x0000000c   Code   RO         3085    i.PWR_BackupAccessCmd  stm32f10x_pwr.o
    0x08003270   0x000000ac   Code   RO         1210    i.PageWrite         dev_m24cxx.o
    0x0800331c   0x0000000c   Code   RO          791    i.PauseTimer        dev_timer.o
    0x08003328   0x00000058   Code   RO         1092    i.PeristalticPumpSetSpeed  dev_pump.o
    0x08003380   0x00000054   Code   RO         1093    i.PumpInit          dev_pump.o
    0x080033d4   0x00000018   Code   RO         3157    i.RCC_ADCCLKConfig  stm32f10x_rcc.o
    0x080033ec   0x00000020   Code   RO         3158    i.RCC_AHBPeriphClockCmd  stm32f10x_rcc.o
    0x0800340c   0x00000020   Code   RO         3159    i.RCC_APB1PeriphClockCmd  stm32f10x_rcc.o
    0x0800342c   0x00000020   Code   RO         3160    i.RCC_APB1PeriphResetCmd  stm32f10x_rcc.o
    0x0800344c   0x00000020   Code   RO         3161    i.RCC_APB2PeriphClockCmd  stm32f10x_rcc.o
    0x0800346c   0x00000020   Code   RO         3162    i.RCC_APB2PeriphResetCmd  stm32f10x_rcc.o
    0x0800348c   0x0000000c   Code   RO         3164    i.RCC_BackupResetCmd  stm32f10x_rcc.o
    0x08003498   0x000000d4   Code   RO         3169    i.RCC_GetClocksFreq  stm32f10x_rcc.o
    0x0800356c   0x0000003c   Code   RO         3170    i.RCC_GetFlagStatus  stm32f10x_rcc.o
    0x080035a8   0x00000034   Code   RO         3177    i.RCC_LSEConfig     stm32f10x_rcc.o
    0x080035dc   0x0000000c   Code   RO         3184    i.RCC_RTCCLKCmd     stm32f10x_rcc.o
    0x080035e8   0x00000010   Code   RO         3185    i.RCC_RTCCLKConfig  stm32f10x_rcc.o
    0x080035f8   0x00000038   Code   RO          879    i.RS485ENInit       dev_uart.o
    0x08003630   0x00000014   Code   RO         3371    i.RTC_EnterConfigMode  stm32f10x_rtc.o
    0x08003644   0x00000014   Code   RO         3372    i.RTC_ExitConfigMode  stm32f10x_rtc.o
    0x08003658   0x000000f4   Code   RO          723    i.RTC_Get           dev_rtc.o
    0x0800374c   0x00000014   Code   RO         3373    i.RTC_GetCounter    stm32f10x_rtc.o
    0x08003760   0x00000078   Code   RO          724    i.RTC_Get_Week      dev_rtc.o
    0x080037d8   0x00000020   Code   RO         3377    i.RTC_ITConfig      stm32f10x_rtc.o
    0x080037f8   0x000000b2   Code   RO          725    i.RTC_Init          dev_rtc.o
    0x080038aa   0x00000002   PAD
    0x080038ac   0x000000c8   Code   RO          726    i.RTC_Set           dev_rtc.o
    0x08003974   0x0000001c   Code   RO         3379    i.RTC_SetCounter    stm32f10x_rtc.o
    0x08003990   0x00000020   Code   RO         3380    i.RTC_SetPrescaler  stm32f10x_rtc.o
    0x080039b0   0x00000014   Code   RO         3381    i.RTC_WaitForLastTask  stm32f10x_rtc.o
    0x080039c4   0x00000024   Code   RO         3382    i.RTC_WaitForSynchro  stm32f10x_rtc.o
    0x080039e8   0x00000054   Code   RO          921    i.RadiotubeInit     dev_valve.o
    0x08003a3c   0x00000020   Code   RO          497    i.ReadPipePressure  app_communicate.o
    0x08003a5c   0x00000028   Code   RO          498    i.ReadTDS           app_communicate.o
    0x08003a84   0x0000000a   Code   RO          792    i.ResumeTimer       dev_timer.o
    0x08003a8e   0x00000018   Code   RO         3674    i.SPI_Cmd           stm32f10x_spi.o
    0x08003aa6   0x00000002   PAD
    0x08003aa8   0x00000058   Code   RO         3681    i.SPI_I2S_DeInit    stm32f10x_spi.o
    0x08003b00   0x0000003c   Code   RO         3687    i.SPI_Init          stm32f10x_spi.o
    0x08003b3c   0x00000028   Code   RO          348    i.SaveArguments     app_systemexecute.o
    0x08003b64   0x00000008   Code   RO         4819    i.SetSysClock       system_stm32f10x.o
    0x08003b6c   0x000000e0   Code   RO         4820    i.SetSysClockTo72   system_stm32f10x.o
    0x08003c4c   0x00000014   Code   RO          793    i.SetTimer          dev_timer.o
    0x08003c60   0x0000000e   Code   RO          794    i.SetTimer_HMS      dev_timer.o
    0x08003c6e   0x00000002   PAD
    0x08003c70   0x0000059c   Code   RO          349    i.SysExcute         app_systemexecute.o
    0x0800420c   0x00000028   Code   RO         1404    i.SysTick_CLKSourceConfig  misc.o
    0x08004234   0x00000010   Code   RO         4643    i.SysTick_Handler   delay.o
    0x08004244   0x00000030   Code   RO          795    i.SysTimerInit      dev_timer.o
    0x08004274   0x00000060   Code   RO         4822    i.SystemInit        system_stm32f10x.o
    0x080042d4   0x00000044   Code   RO         4701    i.TIM3_IRQHandler   stm32f10x_it.o
    0x08004318   0x00000078   Code   RO          796    i.TIM3_Init         dev_timer.o
    0x08004390   0x00000020   Code   RO         6621    i.TIM6_IRQHandler   porttimer.o
    0x080043b0   0x000000ac   Code   RO          797    i.TIM8_PWM_Init     dev_timer.o
    0x0800445c   0x00000018   Code   RO         3829    i.TIM_ARRPreloadConfig  stm32f10x_tim.o
    0x08004474   0x00000006   Code   RO         3836    i.TIM_ClearITPendingBit  stm32f10x_tim.o
    0x0800447a   0x00000018   Code   RO         3841    i.TIM_Cmd           stm32f10x_tim.o
    0x08004492   0x0000001e   Code   RO         3843    i.TIM_CtrlPWMOutputs  stm32f10x_tim.o
    0x080044b0   0x00000022   Code   RO         3862    i.TIM_GetITStatus   stm32f10x_tim.o
    0x080044d2   0x00000012   Code   RO         3866    i.TIM_ITConfig      stm32f10x_tim.o
    0x080044e4   0x00000098   Code   RO         3870    i.TIM_OC1Init       stm32f10x_tim.o
    0x0800457c   0x00000012   Code   RO         3873    i.TIM_OC1PreloadConfig  stm32f10x_tim.o
    0x0800458e   0x00000004   Code   RO         3900    i.TIM_SetAutoreload  stm32f10x_tim.o
    0x08004592   0x00000004   Code   RO         3902    i.TIM_SetCompare1   stm32f10x_tim.o
    0x08004596   0x00000004   Code   RO         3906    i.TIM_SetCounter    stm32f10x_tim.o
    0x0800459a   0x00000002   PAD
    0x0800459c   0x000000a4   Code   RO         3912    i.TIM_TimeBaseInit  stm32f10x_tim.o
    0x08004640   0x000000b4   Code   RO         1335    i.TLV5618Init       dev_tlv5618.o
    0x080046f4   0x00000038   Code   RO          177    i.Task_EventHandle  app_systask.o
    0x0800472c   0x0000000e   Code   RO          178    i.Task_IWDG         app_systask.o
    0x0800473a   0x0000000e   Code   RO          179    i.Task_KeyCheck     app_systask.o
    0x08004748   0x0000000e   Code   RO          180    i.Task_LED          app_systask.o
    0x08004756   0x0000000e   Code   RO          181    i.Task_ModbusHandler  app_systask.o
    0x08004764   0x00000028   Code   RO          182    i.Task_RTC          app_systask.o
    0x0800478c   0x00000028   Code   RO          183    i.Task_SysExcute    app_systask.o
    0x080047b4   0x00000284   Code   RO          184    i.Task_SysIinit     app_systask.o
    0x08004a38   0x0000001c   Code   RO          185    i.Task_UART_Communication  app_systask.o
    0x08004a54   0x00000002   Code   RO          350    i.TimeLog           app_systemexecute.o
    0x08004a56   0x00000002   PAD
    0x08004a58   0x00000018   Code   RO          499    i.UART1_CommunicateHandler  app_communicate.o
    0x08004a70   0x00000094   Code   RO          500    i.UART2_CommunicateHandler  app_communicate.o
    0x08004b04   0x00000018   Code   RO          501    i.UART3_CommunicateHandler  app_communicate.o
    0x08004b1c   0x00000018   Code   RO          502    i.UART4_CommunicateHandler  app_communicate.o
    0x08004b34   0x0000004c   Code   RO         4702    i.UART4_IRQHandler  stm32f10x_it.o
    0x08004b80   0x00000002   Code   RO          503    i.UART5_CommunicateHandler  app_communicate.o
    0x08004b82   0x00000002   PAD
    0x08004b84   0x0000004c   Code   RO         4703    i.UART5_IRQHandler  stm32f10x_it.o
    0x08004bd0   0x0000013c   Code   RO          880    i.UARTConfig        dev_uart.o
    0x08004d0c   0x00000084   Code   RO          504    i.UART_Check        app_communicate.o
    0x08004d90   0x00000064   Code   RO          881    i.UART_Send         dev_uart.o
    0x08004df4   0x00000040   Code   RO         6563    i.USART1_IRQHandler  portserial.o
    0x08004e34   0x0000004c   Code   RO         4704    i.USART2_IRQHandler  stm32f10x_it.o
    0x08004e80   0x0000004c   Code   RO         4705    i.USART3_IRQHandler  stm32f10x_it.o
    0x08004ecc   0x0000001e   Code   RO         4386    i.USART_ClearITPendingBit  stm32f10x_usart.o
    0x08004eea   0x00000018   Code   RO         4389    i.USART_Cmd         stm32f10x_usart.o
    0x08004f02   0x0000001a   Code   RO         4392    i.USART_GetFlagStatus  stm32f10x_usart.o
    0x08004f1c   0x00000054   Code   RO         4393    i.USART_GetITStatus  stm32f10x_usart.o
    0x08004f70   0x0000004a   Code   RO         4395    i.USART_ITConfig    stm32f10x_usart.o
    0x08004fba   0x00000002   PAD
    0x08004fbc   0x000000d8   Code   RO         4396    i.USART_Init        stm32f10x_usart.o
    0x08005094   0x0000000a   Code   RO         4403    i.USART_ReceiveData  stm32f10x_usart.o
    0x0800509e   0x00000008   Code   RO         4406    i.USART_SendData    stm32f10x_usart.o
    0x080050a6   0x00000004   Code   RO         4706    i.UsageFault_Handler  stm32f10x_it.o
    0x080050aa   0x00000002   Code   RO          351    i.ValveController   app_systemexecute.o
    0x080050ac   0x00000294   Code   RO          352    i.WashingInit       app_systemexecute.o
    0x08005340   0x00000050   Code   RO          997    i.XGZP6867Init      dev_xgzp6867.o
    0x08005390   0x00000066   Code   RO          998    i.XGZP_Read         dev_xgzp6867.o
    0x080053f6   0x0000007a   Code   RO          999    i.XGZP_ReadBuff     dev_xgzp6867.o
    0x08005470   0x000000b6   Code   RO         1000    i.XGZP_ReadData     dev_xgzp6867.o
    0x08005526   0x00000052   Code   RO         1001    i.XGZP_Write        dev_xgzp6867.o
    0x08005578   0x00000020   Code   RO         6824    i.__0printf$3       mc_w.l(printf3.o)
    0x08005598   0x0000000e   Code   RO         7061    i.__scatterload_copy  mc_w.l(handlers.o)
    0x080055a6   0x00000002   Code   RO         7062    i.__scatterload_null  mc_w.l(handlers.o)
    0x080055a8   0x0000000e   Code   RO         7063    i.__scatterload_zeroinit  mc_w.l(handlers.o)
    0x080055b6   0x00000002   PAD
    0x080055b8   0x000001b8   Code   RO         6831    i._printf_core      mc_w.l(printf3.o)
    0x08005770   0x0000005c   Code   RO         4644    i.delay_init        delay.o
    0x080057cc   0x00000040   Code   RO         4645    i.delay_ms          delay.o
    0x0800580c   0x00000048   Code   RO         4646    i.delay_us          delay.o
    0x08005854   0x00000018   Code   RO         4647    i.delay_xms         delay.o
    0x0800586c   0x00000040   Code   RO         6243    i.eMBASCIIInit      mbascii.o
    0x080058ac   0x0000004c   Code   RO         6244    i.eMBASCIIReceive   mbascii.o
    0x080058f8   0x0000007c   Code   RO         6245    i.eMBASCIISend      mbascii.o
    0x08005974   0x0000001c   Code   RO         6246    i.eMBASCIIStart     mbascii.o
    0x08005990   0x00000010   Code   RO         6247    i.eMBASCIIStop      mbascii.o
    0x080059a0   0x00000028   Code   RO         6022    i.eMBEnable         mb.o
    0x080059c8   0x000000a6   Code   RO         6327    i.eMBFuncReadCoils  mbfunccoils.o
    0x08005a6e   0x000000a4   Code   RO         6366    i.eMBFuncReadDiscreteInputs  mbfuncdisc.o
    0x08005b12   0x00000084   Code   RO         6390    i.eMBFuncReadHoldingRegister  mbfuncholding.o
    0x08005b96   0x00000084   Code   RO         6432    i.eMBFuncReadInputRegister  mbfuncinput.o
    0x08005c1a   0x000000d4   Code   RO         6391    i.eMBFuncReadWriteMultipleHoldingRegister  mbfuncholding.o
    0x08005cee   0x00000002   PAD
    0x08005cf0   0x00000028   Code   RO         6456    i.eMBFuncReportSlaveID  mbfuncother.o
    0x08005d18   0x0000006c   Code   RO         6328    i.eMBFuncWriteCoil  mbfunccoils.o
    0x08005d84   0x0000003e   Code   RO         6392    i.eMBFuncWriteHoldingRegister  mbfuncholding.o
    0x08005dc2   0x0000008e   Code   RO         6329    i.eMBFuncWriteMultipleCoils  mbfunccoils.o
    0x08005e50   0x0000006a   Code   RO         6393    i.eMBFuncWriteMultipleHoldingRegister  mbfuncholding.o
    0x08005eba   0x00000002   PAD
    0x08005ebc   0x00000144   Code   RO         6023    i.eMBInit           mb.o
    0x08006000   0x00000138   Code   RO         6024    i.eMBPoll           mb.o
    0x08006138   0x00000050   Code   RO         6173    i.eMBRTUInit        mbrtu.o
    0x08006188   0x00000048   Code   RO         6174    i.eMBRTUReceive     mbrtu.o
    0x080061d0   0x000000a8   Code   RO         6175    i.eMBRTUSend        mbrtu.o
    0x08006278   0x0000001c   Code   RO         6176    i.eMBRTUStart       mbrtu.o
    0x08006294   0x00000010   Code   RO         6177    i.eMBRTUStop        mbrtu.o
    0x080062a4   0x00000098   Code   RO         6025    i.eMBRegCoilsCB     mb.o
    0x0800633c   0x00000060   Code   RO         6026    i.eMBRegDiscreteCB  mb.o
    0x0800639c   0x000001d8   Code   RO         6027    i.eMBRegHoldingCB   mb.o
    0x08006574   0x000000ac   Code   RO         6028    i.eMBRegInputCB     mb.o
    0x08006620   0x0000001c   Code   RO         4866    i.fputc             usart.o
    0x0800663c   0x00000068   Code   RO            4    i.main              main.o
    0x080066a4   0x00000098   Code   RO         5356    i.prvAddCurrentTaskToDelayedList  tasks.o
    0x0800673c   0x000000b8   Code   RO         5357    i.prvAddNewTaskToReadyList  tasks.o
    0x080067f4   0x00000064   Code   RO         5728    i.prvCheckForValidListAndQueue  timers.o
    0x08006858   0x00000064   Code   RO         5358    i.prvCheckTasksWaitingTermination  tasks.o
    0x080068bc   0x0000002a   Code   RO         5108    i.prvCopyDataFromQueue  queue.o
    0x080068e6   0x0000007c   Code   RO         5109    i.prvCopyDataToQueue  queue.o
    0x08006962   0x00000012   Code   RO         5359    i.prvDeleteTCB      tasks.o
    0x08006974   0x00000028   Code   RO         5729    i.prvGetNextExpireTime  timers.o
    0x0800699c   0x0000007c   Code   RO         5870    i.prvHeapInit       heap_4.o
    0x08006a18   0x00000028   Code   RO         5360    i.prvIdleTask       tasks.o
    0x08006a40   0x0000002e   Code   RO         5111    i.prvInitialiseNewQueue  queue.o
    0x08006a6e   0x00000002   PAD
    0x08006a70   0x000000d8   Code   RO         5361    i.prvInitialiseNewTask  tasks.o
    0x08006b48   0x00000070   Code   RO         5730    i.prvInitialiseNewTimer  timers.o
    0x08006bb8   0x00000068   Code   RO         5362    i.prvInitialiseTaskLists  tasks.o
    0x08006c20   0x00000068   Code   RO         5871    i.prvInsertBlockIntoFreeList  heap_4.o
    0x08006c88   0x00000058   Code   RO         5731    i.prvInsertTimerInActiveList  timers.o
    0x08006ce0   0x0000001a   Code   RO         5112    i.prvIsQueueEmpty   queue.o
    0x08006cfa   0x0000001e   Code   RO         5113    i.prvIsQueueFull    queue.o
    0x08006d18   0x000000a8   Code   RO         5114    i.prvNotifyQueueSetContainer  queue.o
    0x08006dc0   0x00000084   Code   RO         5732    i.prvProcessExpiredTimer  timers.o
    0x08006e44   0x00000130   Code   RO         5733    i.prvProcessReceivedCommands  timers.o
    0x08006f74   0x00000074   Code   RO         5734    i.prvProcessTimerOrBlockTask  timers.o
    0x08006fe8   0x00000034   Code   RO         5364    i.prvResetNextTaskUnblockTime  tasks.o
    0x0800701c   0x0000002c   Code   RO         5735    i.prvSampleTimeNow  timers.o
    0x08007048   0x000000c0   Code   RO         5736    i.prvSwitchTimerLists  timers.o
    0x08007108   0x00000074   Code   RO         5932    i.prvTaskExitError  port.o
    0x0800717c   0x0000001a   Code   RO         5737    i.prvTimerTask      timers.o
    0x08007196   0x00000092   Code   RO         5115    i.prvUnlockQueue    queue.o
    0x08007228   0x00000022   Code   RO         6489    i.prveMBError2Exception  mbutils.o
    0x0800724a   0x00000024   Code   RO         6248    i.prvucMBBIN2CHAR   mbascii.o
    0x0800726e   0x00000026   Code   RO         6249    i.prvucMBCHAR2BIN   mbascii.o
    0x08007294   0x00000020   Code   RO         6250    i.prvucMBLRC        mbascii.o
    0x080072b4   0x00000010   Code   RO         6622    i.prvvTIMERExpiredISR  porttimer.o
    0x080072c4   0x00000010   Code   RO         6564    i.prvvUARTRxISR     portserial.o
    0x080072d4   0x00000010   Code   RO         6565    i.prvvUARTTxReadyISR  portserial.o
    0x080072e4   0x0000015c   Code   RO         5872    i.pvPortMalloc      heap_4.o
    0x08007440   0x00000020   Code   RO         5368    i.pvTaskIncrementMutexHeldCount  tasks.o
    0x08007460   0x00000024   Code   RO         5933    i.pxPortInitialiseStack  port.o
    0x08007484   0x00000038   Code   RO         6147    i.usMBCRC16         mbcrc.o
    0x080074bc   0x00000028   Code   RO         5059    i.uxListRemove      list.o
    0x080074e4   0x0000001a   Code   RO         5060    i.vListInitialise   list.o
    0x080074fe   0x00000006   Code   RO         5061    i.vListInitialiseItem  list.o
    0x08007504   0x00000034   Code   RO         5062    i.vListInsert       list.o
    0x08007538   0x00000018   Code   RO         5063    i.vListInsertEnd    list.o
    0x08007550   0x00000044   Code   RO         6566    i.vMBPortSerialEnable  portserial.o
    0x08007594   0x0000002c   Code   RO         6623    i.vMBPortTimersDisable  porttimer.o
    0x080075c0   0x0000002c   Code   RO         6624    i.vMBPortTimersEnable  porttimer.o
    0x080075ec   0x0000008c   Code   RO         5935    i.vPortEnterCritical  port.o
    0x08007678   0x00000074   Code   RO         5936    i.vPortExitCritical  port.o
    0x080076ec   0x000000c0   Code   RO         5873    i.vPortFree         heap_4.o
    0x080077ac   0x00000020   Code   RO         5937    i.vPortSetupTimerInterrupt  port.o
    0x080077cc   0x000000a4   Code   RO         5938    i.vPortValidateInterruptPriority  port.o
    0x08007870   0x0000002c   Code   RO         5121    i.vQueueAddToRegistry  queue.o
    0x0800789c   0x0000004a   Code   RO         5125    i.vQueueWaitForMessageRestricted  queue.o
    0x080078e6   0x00000002   PAD
    0x080078e8   0x0000007c   Code   RO         5376    i.vTaskDelay        tasks.o
    0x08007964   0x00000114   Code   RO         5378    i.vTaskDelete       tasks.o
    0x08007a78   0x0000000c   Code   RO         5382    i.vTaskMissedYield  tasks.o
    0x08007a84   0x0000005c   Code   RO         5384    i.vTaskPlaceOnEventList  tasks.o
    0x08007ae0   0x00000064   Code   RO         5385    i.vTaskPlaceOnEventListRestricted  tasks.o
    0x08007b44   0x000000b0   Code   RO         5387    i.vTaskPriorityInherit  tasks.o
    0x08007bf4   0x00000054   Code   RO         5391    i.vTaskSetTimeOutState  tasks.o
    0x08007c48   0x000000b4   Code   RO         5392    i.vTaskStartScheduler  tasks.o
    0x08007cfc   0x00000010   Code   RO         5394    i.vTaskSuspendAll   tasks.o
    0x08007d0c   0x000000b0   Code   RO         5395    i.vTaskSwitchContext  tasks.o
    0x08007dbc   0x00000128   Code   RO         6251    i.xMBASCIIReceiveFSM  mbascii.o
    0x08007ee4   0x0000002c   Code   RO         6252    i.xMBASCIITimerT1SExpired  mbascii.o
    0x08007f10   0x000000f0   Code   RO         6253    i.xMBASCIITransmitFSM  mbascii.o
    0x08008000   0x00000024   Code   RO         6525    i.xMBPortEventGet   portevent.o
    0x08008024   0x00000010   Code   RO         6526    i.xMBPortEventInit  portevent.o
    0x08008034   0x00000018   Code   RO         6527    i.xMBPortEventPost  portevent.o
    0x0800804c   0x00000014   Code   RO         6567    i.xMBPortSerialGetByte  portserial.o
    0x08008060   0x000000a4   Code   RO         6568    i.xMBPortSerialInit  portserial.o
    0x08008104   0x00000014   Code   RO         6569    i.xMBPortSerialPutByte  portserial.o
    0x08008118   0x00000088   Code   RO         6625    i.xMBPortTimersInit  porttimer.o
    0x080081a0   0x00000088   Code   RO         6178    i.xMBRTUReceiveFSM  mbrtu.o
    0x08008228   0x00000040   Code   RO         6179    i.xMBRTUTimerT35Expired  mbrtu.o
    0x08008268   0x0000006c   Code   RO         6180    i.xMBRTUTransmitFSM  mbrtu.o
    0x080082d4   0x0000002a   Code   RO         6490    i.xMBUtilGetBits    mbutils.o
    0x080082fe   0x00000060   Code   RO         6491    i.xMBUtilSetBits    mbutils.o
    0x0800835e   0x00000002   PAD
    0x08008360   0x000000a0   Code   RO         5939    i.xPortStartScheduler  port.o
    0x08008400   0x00000034   Code   RO         5940    i.xPortSysTickHandler  port.o
    0x08008434   0x0000007c   Code   RO         5130    i.xQueueGenericCreate  queue.o
    0x080084b0   0x000001d0   Code   RO         5131    i.xQueueGenericReceive  queue.o
    0x08008680   0x000000b8   Code   RO         5132    i.xQueueGenericReset  queue.o
    0x08008738   0x000001cc   Code   RO         5133    i.xQueueGenericSend  queue.o
    0x08008904   0x00000118   Code   RO         5134    i.xQueueGenericSendFromISR  queue.o
    0x08008a1c   0x000000a8   Code   RO         5396    i.xTaskCheckForTimeOut  tasks.o
    0x08008ac4   0x00000060   Code   RO         5397    i.xTaskCreate       tasks.o
    0x08008b24   0x0000011c   Code   RO         5398    i.xTaskGenericNotify  tasks.o
    0x08008c40   0x00000020   Code   RO         5401    i.xTaskGetSchedulerState  tasks.o
    0x08008c60   0x0000000c   Code   RO         5402    i.xTaskGetTickCount  tasks.o
    0x08008c6c   0x00000168   Code   RO         5404    i.xTaskIncrementTick  tasks.o
    0x08008dd4   0x000000a0   Code   RO         5406    i.xTaskNotifyWait   tasks.o
    0x08008e74   0x000000e0   Code   RO         5407    i.xTaskPriorityDisinherit  tasks.o
    0x08008f54   0x000000bc   Code   RO         5408    i.xTaskRemoveFromEventList  tasks.o
    0x08009010   0x00000128   Code   RO         5410    i.xTaskResumeAll    tasks.o
    0x08009138   0x00000030   Code   RO         5740    i.xTimerCreate      timers.o
    0x08009168   0x00000078   Code   RO         5741    i.xTimerCreateTimerTask  timers.o
    0x080091e0   0x000000a8   Code   RO         5742    i.xTimerGenericCommand  timers.o
    0x08009288   0x00000018   Data   RO          728    .constdata          dev_rtc.o
    0x080092a0   0x00000091   Data   RO          882    .constdata          dev_uart.o
    0x08009331   0x00000003   PAD
    0x08009334   0x00000420   Data   RO          954    .constdata          dev_system.o
    0x08009754   0x00000038   Data   RO         1136    .constdata          dev_iic.o
    0x0800978c   0x00000200   Data   RO         6148    .constdata          mbcrc.o
    0x0800998c   0x00000060   Data   RO          955    .conststring        dev_system.o
    0x080099ec   0x00000020   Data   RO         7059    Region$$Table       anon$$obj.o


    Execution Region RW_IRAM1 (Base: 0x20000000, Size: 0x00005c40, Max: 0x00010000, ABSOLUTE, COMPRESSED[0x000000a8])

    Base Addr    Size         Type   Attr      Idx    E Section Name        Object

    0x20000000   0x00000035   Data   RW          186    .data               app_systask.o
    0x20000035   0x00000003   PAD
    0x20000038   0x0000002e   Data   RW          354    .data               app_systemexecute.o
    0x20000066   0x00000002   Data   RW          729    .data               dev_rtc.o
    0x20000068   0x00000004   Data   RW          798    .data               dev_timer.o
    0x2000006c   0x00000008   Data   RW         1137    .data               dev_iic.o
    0x20000074   0x00000011   Data   RW         1223    .data               dev_m24cxx.o
    0x20000085   0x00000014   Data   RW         3189    .data               stm32f10x_rcc.o
    0x20000099   0x00000001   PAD
    0x2000009a   0x00000004   Data   RW         4648    .data               delay.o
    0x2000009e   0x00000002   PAD
    0x200000a0   0x00000014   Data   RW         4707    .data               stm32f10x_it.o
    0x200000b4   0x00000014   Data   RW         4823    .data               system_stm32f10x.o
    0x200000c8   0x00000006   Data   RW         4869    .data               usart.o
    0x200000ce   0x00000002   PAD
    0x200000d0   0x0000003c   Data   RW         5413    .data               tasks.o
    0x2000010c   0x00000014   Data   RW         5750    .data               timers.o
    0x20000120   0x00000018   Data   RW         5878    .data               heap_4.o
    0x20000138   0x0000000c   Data   RW         5941    .data               port.o
    0x20000144   0x00000101   Data   RW         6030    .data               mb.o
    0x20000245   0x00000003   PAD
    0x20000248   0x0000000c   Data   RW         6182    .data               mbrtu.o
    0x20000254   0x00000014   Data   RW         6254    .data               mbascii.o
    0x20000268   0x00000002   Data   RW         6459    .data               mbfuncother.o
    0x2000026a   0x00000002   Data   RW         6528    .data               portevent.o
    0x2000026c   0x000000f0   Zero   RW          583    .bss                dev_adc.o
    0x2000035c   0x000001b4   Zero   RW          953    .bss                dev_system.o
    0x20000510   0x00000040   Zero   RW         5145    .bss                queue.o
    0x20000550   0x000001a4   Zero   RW         5412    .bss                tasks.o
    0x200006f4   0x00000028   Zero   RW         5749    .bss                timers.o
    0x2000071c   0x00005000   Zero   RW         5877    .bss                heap_4.o
    0x2000571c   0x00000100   Zero   RW         6181    .bss                mbrtu.o
    0x2000581c   0x00000020   Zero   RW         6458    .bss                mbfuncother.o
    0x2000583c   0x00000004   PAD
    0x20005840   0x00000400   Zero   RW         1390    STACK               startup_stm32f10x_hd.o


==============================================================================

Image component sizes


      Code (inc. data)   RO Data    RW Data    ZI Data      Debug   Object Name

       426         62          0          0          0       3758   app_communicate.o
       864        298          0         53          0      14478   app_systask.o
      6360        520          0         46          0      27623   app_systemexecute.o
       268         26          0          4          0       2729   delay.o
      1132         56          0          0        240       4492   dev_adc.o
        68          8          0          0          0        506   dev_electrigate.o
       268          8          0          0          0        713   dev_flowsensor.o
       904        122         56          8          0       5716   dev_iic.o
        44          0          0          0          0        968   dev_iwdg.o
       108         14          0          0          0        955   dev_key.o
        88         10          0          0          0        479   dev_led.o
       100         18          0          0          0        513   dev_levelprobe.o
       692         40          0         17          0       4633   dev_m24cxx.o
       224         26          0          0          0       1579   dev_pump.o
       800         34         24          2          0       4648   dev_rtc.o
       328         60       1152          0        436       4042   dev_system.o
       542         26          0          4          0       5804   dev_timer.o
       180         14          0          0          0        610   dev_tlv5618.o
       472         64        145          0          0       3371   dev_uart.o
        84         10          0          0          0        496   dev_valve.o
       568          4          0          0          0       3471   dev_xgzp6867.o
         0          0          0          0          0       9404   event_groups.o
       768        192          0         24      20480       3795   heap_4.o
       148          0          0          0          0       3006   list.o
       104         62          0          0          0     299331   main.o
      1568        204          0        257          0       8669   mb.o
       994         92          0         20          0       8019   mbascii.o
        56          8        512          0          0       1168   mbcrc.o
       416          0          0          0          0       3686   mbfunccoils.o
       164          0          0          0          0       1564   mbfuncdisc.o
       512          0          0          0          0       4899   mbfuncholding.o
       132          0          0          0          0       1511   mbfuncinput.o
        40         10          0          2         32       1327   mbfuncother.o
       672         74          0         12        256       5935   mbrtu.o
       172          0          0          0          0       2518   mbutils.o
       172         22          0          0          0       2029   misc.o
       966        336          0         12          0      10085   port.o
        76         24          0          2          0       2052   portevent.o
       368         36          0          0          0       4336   portserial.o
       272         34          0          0          0       2555   porttimer.o
      2212        286          0          0         64      15197   queue.o
        36          8        304          0       1024        788   startup_stm32f10x_hd.o
       518         30          0          0          0       8401   stm32f10x_adc.o
        72         10          0          0          0       2660   stm32f10x_bkp.o
       488         26          0          0          0       4502   stm32f10x_dma.o
       160         12          0          0          0       1481   stm32f10x_exti.o
       512         10          0          0          0       5060   stm32f10x_gpio.o
        82          0          0          0          0       2851   stm32f10x_i2c.o
       588         74          0         20          0       7125   stm32f10x_it.o
        68         30          0          0          0       2422   stm32f10x_iwdg.o
        12          6          0          0          0        502   stm32f10x_pwr.o
       548         82          0         20          0       9291   stm32f10x_rcc.o
       208         40          0          0          0       4002   stm32f10x_rtc.o
       172         12          0          0          0       2682   stm32f10x_spi.o
       482         62          0          0          0       7490   stm32f10x_tim.o
       472          6          0          0          0       6731   stm32f10x_usart.o
       328         28          0         20          0       2141   system_stm32f10x.o
      3954       1060          0         60        420      30058   tasks.o
      1490        378          0         20         40       9922   timers.o
        28          4          0          6          0       2352   usart.o

    ----------------------------------------------------------------------
     34592       4678       2228        620      22996     593131   Object Totals
         0          0         32          0          0          0   (incl. Generated)
        42          0          3         11          4          0   (incl. Padding)

    ----------------------------------------------------------------------

      Code (inc. data)   RO Data    RW Data    ZI Data      Debug   Library Member Name

        86          0          0          0          0          0   __dczerorl2.o
         0          0          0          0          0          0   entry.o
         0          0          0          0          0          0   entry10a.o
         0          0          0          0          0          0   entry11a.o
         8          4          0          0          0          0   entry2.o
         4          0          0          0          0          0   entry5.o
         0          0          0          0          0          0   entry7b.o
         0          0          0          0          0          0   entry8b.o
         8          4          0          0          0          0   entry9a.o
        30          0          0          0          0          0   handlers.o
        36          8          0          0          0         68   init.o
         0          0          0          0          0          0   iusefp.o
        30          0          0          0          0         68   llshl.o
        36          0          0          0          0         68   llsshr.o
        32          0          0          0          0         68   llushr.o
        36          0          0          0          0         68   memcpya.o
        36          0          0          0          0        108   memseta.o
       472         14          0          0          0        184   printf3.o
        24          0          0          0          0         68   strcat.o
        28          0          0          0          0         76   strcmp.o
        40          0          0          0          0         76   strncat.o
        36          0          0          0          0         80   strstr.o
        44          0          0          0          0         80   uidiv.o
        20          0          0          0          0         68   cfrcmple.o
        56          0          0          0          0         88   d2f.o
       334          0          0          0          0        148   dadd.o
       222          0          0          0          0        100   ddiv.o
       186          0          0          0          0        176   depilogue.o
       228          0          0          0          0         96   dmul.o
        38          0          0          0          0         68   f2d.o
       176          0          0          0          0        140   fadd.o
       124          0          0          0          0         88   fdiv.o
       110          0          0          0          0        168   fepilogue.o
        18          0          0          0          0         68   fflti.o
        10          0          0          0          0         68   ffltui.o
       100          0          0          0          0         76   fmul.o

    ----------------------------------------------------------------------
      2616         30          0          0          0       2364   Library Totals
         8          0          0          0          0          0   (incl. Padding)

    ----------------------------------------------------------------------

      Code (inc. data)   RO Data    RW Data    ZI Data      Debug   Library Name

       986         30          0          0          0       1012   mc_w.l
      1622          0          0          0          0       1352   mf_w.l

    ----------------------------------------------------------------------
      2616         30          0          0          0       2364   Library Totals

    ----------------------------------------------------------------------

==============================================================================


      Code (inc. data)   RO Data    RW Data    ZI Data      Debug   

     37208       4708       2228        620      22996     577839   Grand Totals
     37208       4708       2228        168      22996     577839   ELF Image Totals (compressed)
     37208       4708       2228        168          0          0   ROM Totals

==============================================================================

    Total RO  Size (Code + RO Data)                39436 (  38.51kB)
    Total RW  Size (RW Data + ZI Data)             23616 (  23.06kB)
    Total ROM Size (Code + RO Data + RW Data)      39604 (  38.68kB)

==============================================================================

